
> outgoing-frontend@0.0.0 build
> tsc && vite build

src/components/events/AttendeeStack.tsx(217,21): error TS2769: No overload matches this call.
  Overload 1 of 2, '(props: { component: ElementType<any, keyof IntrinsicElements>; } & TypographyOwnProps & CommonProps & Omit<any, "p" | ... 112 more ... | "variantMapping">): Element | null', gave the following error.
    Type '{ fontWeight: number; fontSize: string; color: "#111827"; noWrap: true; }' is not assignable to type 'SxProps<Theme> | undefined'.
      Types of property 'noWrap' are incompatible.
        Type 'true' is not assignable to type 'SystemStyleObject<Theme> | CssVariableType | ((theme: Theme) => string | number | SystemStyleObject<Theme>) | undefined'.
  Overload 2 of 2, '(props: DefaultComponentProps<TypographyTypeMap<{}, "span">>): Element | null', gave the following error.
    Type '{ fontWeight: number; fontSize: string; color: "#111827"; noWrap: true; }' is not assignable to type 'SxProps<Theme> | undefined'.
      Types of property 'noWrap' are incompatible.
        Type 'true' is not assignable to type 'SystemStyleObject<Theme> | CssVariableType | ((theme: Theme) => string | number | SystemStyleObject<Theme>) | undefined'.
src/components/events/AttendeeStack.tsx(227,21): error TS2769: No overload matches this call.
  Overload 1 of 2, '(props: { component: ElementType<any, keyof IntrinsicElements>; } & TypographyOwnProps & CommonProps & Omit<any, "p" | ... 112 more ... | "variantMapping">): Element | null', gave the following error.
    Type '{ fontSize: string; color: "#6b7280"; noWrap: true; }' is not assignable to type 'SxProps<Theme> | undefined'.
      Types of property 'noWrap' are incompatible.
        Type 'true' is not assignable to type 'SystemStyleObject<Theme> | CssVariableType | ((theme: Theme) => string | number | SystemStyleObject<Theme>) | undefined'.
  Overload 2 of 2, '(props: DefaultComponentProps<TypographyTypeMap<{}, "span">>): Element | null', gave the following error.
    Type '{ fontSize: string; color: "#6b7280"; noWrap: true; }' is not assignable to type 'SxProps<Theme> | undefined'.
      Types of property 'noWrap' are incompatible.
        Type 'true' is not assignable to type 'SystemStyleObject<Theme> | CssVariableType | ((theme: Theme) => string | number | SystemStyleObject<Theme>) | undefined'.
src/components/events/ManageNeedsTab.tsx(287,134): error TS2367: This comparison appears to be unintentional because the types '"filled" | "cancelled" | "override_filled"' and '"pending"' have no overlap.
src/components/events/ManageNeedsTab.tsx(341,21): error TS2367: This comparison appears to be unintentional because the types '"filled" | "cancelled" | "override_filled"' and '"pending"' have no overlap.
src/components/events/ManageNeedsTab.tsx(427,29): error TS2367: This comparison appears to be unintentional because the types '"filled" | "cancelled" | "override_filled"' and '"pending"' have no overlap.
src/components/events/QRScannerModal.tsx(39,9): error TS6133: 'containerRef' is declared but its value is never read.
src/components/events/QRScannerModal.tsx(64,60): error TS2345: Argument of type '{ formatsToSupport: Html5QrcodeSupportedFormats.QR_CODE[]; }' is not assignable to parameter of type 'boolean | Html5QrcodeFullConfig | undefined'.
  Property 'verbose' is missing in type '{ formatsToSupport: Html5QrcodeSupportedFormats.QR_CODE[]; }' but required in type 'Html5QrcodeFullConfig'.
src/components/events/QuickCreateEventModal.tsx(244,17): error TS6133: 'mode' is declared but its value is never read.
src/components/events/QuickCreateSpark.tsx(241,51): error TS2345: Argument of type '() => { name: string; price: number; admits: string | number; max_passes_per_ticket: string | number; capacity: string; id?: string; description: string; }' is not assignable to parameter of type '() => TicketTier'.
  Call signature return types '{ name: string; price: number; admits: string | number; max_passes_per_ticket: string | number; capacity: string; id?: string | undefined; description: string; }' and 'TicketTier' are incompatible.
    The types of 'capacity' are incompatible between these types.
      Type 'string' is not assignable to type 'number | ""'.
src/components/events/QuickCreateSpark.tsx(1156,28): error TS2345: Argument of type '(current: TicketTier[]) => { capacity: string; id?: string | undefined; name: string; price: number; admits: string | number; max_passes_per_ticket: string | number; description: string; }[]' is not assignable to parameter of type 'SetStateAction<TicketTier[]>'.
  Type '(current: TicketTier[]) => { capacity: string; id?: string | undefined; name: string; price: number; admits: string | number; max_passes_per_ticket: string | number; description: string; }[]' is not assignable to type '(prevState: TicketTier[]) => TicketTier[]'.
    Type '{ capacity: string; id?: string | undefined; name: string; price: number; admits: string | number; max_passes_per_ticket: string | number; description: string; }[]' is not assignable to type 'TicketTier[]'.
      Type '{ capacity: string; id?: string; name: string; price: number; admits: number | string; max_passes_per_ticket: number | string; description: string; }' is not assignable to type 'TicketTier'.
        Types of property 'capacity' are incompatible.
          Type 'string' is not assignable to type 'number | ""'.
src/components/events/QuickCreateSpark.tsx(1210,34): error TS2345: Argument of type '(current: TicketTier[]) => { price: number; capacity: string; id?: string | undefined; name: string; admits: string | number; max_passes_per_ticket: string | number; description: string; }[]' is not assignable to parameter of type 'SetStateAction<TicketTier[]>'.
  Type '(current: TicketTier[]) => { price: number; capacity: string; id?: string | undefined; name: string; admits: string | number; max_passes_per_ticket: string | number; description: string; }[]' is not assignable to type '(prevState: TicketTier[]) => TicketTier[]'.
    Type '{ price: number; capacity: string; id?: string | undefined; name: string; admits: string | number; max_passes_per_ticket: string | number; description: string; }[]' is not assignable to type 'TicketTier[]'.
      Type '{ price: number; capacity: string; id?: string; name: string; admits: number | string; max_passes_per_ticket: number | string; description: string; }' is not assignable to type 'TicketTier'.
        Types of property 'capacity' are incompatible.
          Type 'string' is not assignable to type 'number | ""'.
src/components/Navbar.tsx(2,3): error TS6133: 'Briefcase' is declared but its value is never read.
src/components/Navbar.tsx(3,3): error TS6133: 'CalendarDays' is declared but its value is never read.
src/components/Navbar.tsx(4,3): error TS6133: 'ChevronLeft' is declared but its value is never read.
src/components/Navbar.tsx(5,3): error TS6133: 'ChevronRight' is declared but its value is never read.
src/components/Navbar.tsx(7,3): error TS6133: 'MessageSquare' is declared but its value is never read.
src/components/Navbar.tsx(8,3): error TS6133: 'Settings' is declared but its value is never read.
src/components/Navbar.tsx(9,3): error TS6133: 'Shield' is declared but its value is never read.
src/components/Navbar.tsx(10,3): error TS6133: 'Ticket' is declared but its value is never read.
src/components/Navbar.tsx(11,3): error TS6133: 'User' is declared but its value is never read.
src/components/Navbar.tsx(25,3): error TS2305: Module '"./navbar/NavbarComponents"' has no exported member 'SearchBar'.
src/components/Navbar.tsx(140,5): error TS6133: 'sidebarExpanded' is declared but its value is never read.
src/components/navbar/NavbarComponents.tsx(6,3): error TS6133: 'LocateFixed' is declared but its value is never read.
src/components/navbar/NavbarComponents.tsx(7,3): error TS6133: 'MapPin' is declared but its value is never read.
src/components/navbar/NavbarComponents.tsx(13,3): error TS6133: 'Search' is declared but its value is never read.
src/components/navbar/NavbarComponents.tsx(24,1): error TS6133: 'EventSearchSuggestion' is declared but its value is never read.
src/components/navbar/SearchBar.tsx(2,3): error TS6133: 'ArrowLeft' is declared but its value is never read.
src/components/navbar/SearchBar.tsx(3,3): error TS6133: 'Briefcase' is declared but its value is never read.
src/components/navbar/SearchBar.tsx(4,3): error TS6133: 'Calendar' is declared but its value is never read.
src/components/navbar/SearchBar.tsx(5,3): error TS6133: 'CalendarDays' is declared but its value is never read.
src/components/navbar/SearchBar.tsx(8,3): error TS6133: 'Menu' is declared but its value is never read.
src/components/navbar/SearchBar.tsx(9,3): error TS6133: 'MessageSquare' is declared but its value is never read.
src/components/navbar/SearchBar.tsx(10,3): error TS6133: 'MessageSquareIcon' is declared but its value is never read.
src/components/navbar/SearchBar.tsx(11,3): error TS6133: 'Pencil' is declared but its value is never read.
src/components/navbar/SearchBar.tsx(12,3): error TS6133: 'Plus' is declared but its value is never read.
src/components/navbar/SearchBar.tsx(14,3): error TS6133: 'Settings' is declared but its value is never read.
src/components/navbar/SearchBar.tsx(15,3): error TS6133: 'Shield' is declared but its value is never read.
src/components/navbar/SearchBar.tsx(16,3): error TS6133: 'Ticket' is declared but its value is never read.
src/components/navbar/SearchBar.tsx(17,3): error TS6133: 'User' is declared but its value is never read.
src/components/navbar/SearchBar.tsx(18,3): error TS6133: 'UserPlus' is declared but its value is never read.
src/components/navbar/SearchBar.tsx(20,1): error TS6133: 'Link' is declared but its value is never read.
src/components/navbar/SearchBar.tsx(23,1): error TS6133: 'ComicSinkButton' is declared but its value is never read.
src/components/navbar/SearchBar.tsx(26,1): error TS6133: 'AllChatsList' is declared but its value is never read.
src/components/navbar/SearchBar.tsx(50,5): error TS6133: 'navigate' is declared but its value is never read.
src/components/navbar/SearchBar.tsx(51,5): error TS6133: 'location' is declared but its value is never read.
src/components/ui/HostCard.tsx(9,28): error TS2304: Cannot find name 'ReactNode'.
src/components/ui/HostCard.tsx(21,3): error TS6133: 'tag' is declared but its value is never read.
src/components/ui/HostCard.tsx(24,9): error TS6133: 'grade' is declared but its value is never read.
src/components/ui/PostItNote.tsx(46,9): error TS6133: 'rot' is declared but its value is never read.
src/components/ui/Servicename.tsx(1,15): error TS6133: 'Chip' is declared but its value is never read.
src/components/ui/Servicename.tsx(8,1): error TS6133: 'UserAvatar' is declared but its value is never read.
src/components/ui/VendorBusinessCard.tsx(4,1): error TS6133: 'ImageWatermarkPlaceholder' is declared but its value is never read.
src/features/events/BedroomHeroCarousel.tsx(222,19): error TS2741: Property 'published_event_count' is missing in type '{ username: string; avatar: null; }' but required in type '{ published_event_count: ReactNode; username: string; avatar: string | null; }'.
src/features/events/ChatDrawerContext.tsx(1,8): error TS6133: 'React' is declared but its value is never read.
src/features/events/components/TicketExportTemplate.tsx(2,38): error TS6133: 'TicketIcon' is declared but its value is never read.
src/features/events/components/TicketExportTemplate.tsx(20,9): error TS6133: 'themeColor' is declared but its value is never read.
src/features/events/EventItemUIComponents.tsx(230,54): error TS6133: 'isFocused' is declared but its value is never read.
src/features/events/EventItemUIComponents.tsx(387,54): error TS6133: 'isFocused' is declared but its value is never read.
src/features/events/EventItemUIComponents.tsx(414,3): error TS6133: 'showClip' is declared but its value is never read.
src/features/events/EventItemUIComponents.tsx(417,3): error TS6133: 'disableHover' is declared but its value is never read.
src/features/events/EventItemUIComponents.tsx(418,3): error TS6133: 'isBasicEventCard' is declared but its value is never read.
src/features/events/HorizontalEventList.tsx(6,10): error TS2305: Module '"./EventCard"' has no exported member 'EventCard'.
src/features/events/LightThemeConferencePoster.tsx(2,10): error TS6133: 'ArrowDown' is declared but its value is never read.
src/features/events/LightThemeConferencePoster.tsx(2,49): error TS6133: 'Square' is declared but its value is never read.
src/features/events/LightThemeConferencePoster.tsx(7,3): error TS6133: 'MainInfoTimeLocationBox' is declared but its value is never read.
src/features/events/LocationTag.tsx(2,10): error TS6133: 'Globe' is declared but its value is never read.
src/features/events/scrapbookCard/ScrapbookCardOverlays.tsx(29,6): error TS2769: No overload matches this call.
  Overload 2 of 2, '(props: DefaultComponentProps<BoxTypeMap<{}, "div", Theme>>): Element | null', gave the following error.
    Type 'string | number | readonly (Top<string | number> | readonly NonNullable<Top<string | number> | undefined>[] | null | undefined)[] | { [key: string]: Top<string | number> | readonly NonNullable<...>[] | null | undefined; } | ((theme: Theme) => ResponsiveStyleValue<...>) | null' is not assignable to type 'SystemStyleObject<Theme> | CssVariableType | ((theme: Theme) => string | number | SystemStyleObject<Theme>)'.
      Type 'readonly (Top<string | number> | readonly NonNullable<Top<string | number> | undefined>[] | null | undefined)[]' is not assignable to type 'SystemStyleObject<Theme> | CssVariableType | ((theme: Theme) => string | number | SystemStyleObject<Theme>)'.
        Type 'readonly (Top<string | number> | readonly NonNullable<Top<string | number> | undefined>[] | null | undefined)[]' is not assignable to type 'CSSSelectorObjectOrCssVariables<Theme>'.
          Index signature for type 'string' is missing in type 'readonly (Top<string | number> | readonly NonNullable<Top<string | number> | undefined>[] | null | undefined)[]'.
  Overload 2 of 2, '(props: DefaultComponentProps<BoxTypeMap<{}, "div", Theme>>): Element | null', gave the following error.
    Type 'string | number | readonly (Right<string | number> | readonly NonNullable<Right<string | number> | undefined>[] | null | undefined)[] | { [key: string]: Right<string | number> | readonly NonNullable<...>[] | null | undefined; } | ((theme: Theme) => ResponsiveStyleValue<...>) | null' is not assignable to type 'SystemStyleObject<Theme> | CssVariableType | ((theme: Theme) => string | number | SystemStyleObject<Theme>)'.
      Type 'readonly (Right<string | number> | readonly NonNullable<Right<string | number> | undefined>[] | null | undefined)[]' is not assignable to type 'SystemStyleObject<Theme> | CssVariableType | ((theme: Theme) => string | number | SystemStyleObject<Theme>)'.
        Type 'readonly (Right<string | number> | readonly NonNullable<Right<string | number> | undefined>[] | null | undefined)[]' is not assignable to type 'CSSSelectorObjectOrCssVariables<Theme>'.
          Index signature for type 'string' is missing in type 'readonly (Right<string | number> | readonly NonNullable<Right<string | number> | undefined>[] | null | undefined)[]'.
  Overload 2 of 2, '(props: DefaultComponentProps<BoxTypeMap<{}, "div", Theme>>): Element | null', gave the following error.
    Type '(string & {}) | "-moz-initial" | "inherit" | "initial" | "revert" | "revert-layer" | "unset" | "aliceblue" | "antiquewhite" | "aqua" | "aquamarine" | "azure" | "beige" | "bisque" | ... 189 more ... | null' is not assignable to type 'SystemStyleObject<Theme> | CssVariableType | ((theme: Theme) => string | number | SystemStyleObject<Theme>)'.
      Type 'readonly (BackgroundColor | readonly string[] | null | undefined)[]' is not assignable to type 'SystemStyleObject<Theme> | CssVariableType | ((theme: Theme) => string | number | SystemStyleObject<Theme>)'.
        Type 'readonly (BackgroundColor | readonly string[] | null | undefined)[]' is not assignable to type 'CSSSelectorObjectOrCssVariables<Theme>'.
          Index signature for type 'string' is missing in type 'readonly (BackgroundColor | readonly string[] | null | undefined)[]'.
  Overload 2 of 2, '(props: DefaultComponentProps<BoxTypeMap<{}, "div", Theme>>): Element | null', gave the following error.
    Type '(string & {}) | "-moz-initial" | "inherit" | "initial" | "revert" | "revert-layer" | "unset" | "aliceblue" | "antiquewhite" | "aqua" | "aquamarine" | "azure" | "beige" | "bisque" | ... 189 more ... | null' is not assignable to type 'SystemStyleObject<Theme> | CssVariableType | ((theme: Theme) => string | number | SystemStyleObject<Theme>)'.
      Type 'readonly (readonly string[] | Color | null | undefined)[]' is not assignable to type 'SystemStyleObject<Theme> | CssVariableType | ((theme: Theme) => string | number | SystemStyleObject<Theme>)'.
        Type 'readonly (readonly string[] | Color | null | undefined)[]' is not assignable to type 'CSSSelectorObjectOrCssVariables<Theme>'.
          Index signature for type 'string' is missing in type 'readonly (readonly string[] | Color | null | undefined)[]'.
  Overload 2 of 2, '(props: DefaultComponentProps<BoxTypeMap<{}, "div", Theme>>): Element | null', gave the following error.
    Type 'string | number | readonly (Padding<string | number> | readonly NonNullable<Padding<string | number> | undefined>[] | null | undefined)[] | { [key: string]: Padding<string | number> | readonly NonNullable<...>[] | null | undefined; } | ((theme: Theme) => ResponsiveStyleValue<...>) | null' is not assignable to type 'SystemStyleObject<Theme> | CssVariableType | ((theme: Theme) => string | number | SystemStyleObject<Theme>)'.
      Type 'readonly (Padding<string | number> | readonly NonNullable<Padding<string | number> | undefined>[] | null | undefined)[]' is not assignable to type 'SystemStyleObject<Theme> | CssVariableType | ((theme: Theme) => string | number | SystemStyleObject<Theme>)'.
        Type 'readonly (Padding<string | number> | readonly NonNullable<Padding<string | number> | undefined>[] | null | undefined)[]' is not assignable to type 'CSSSelectorObjectOrCssVariables<Theme>'.
          Index signature for type 'string' is missing in type 'readonly (Padding<string | number> | readonly NonNullable<Padding<string | number> | undefined>[] | null | undefined)[]'.
  Overload 2 of 2, '(props: DefaultComponentProps<BoxTypeMap<{}, "div", Theme>>): Element | null', gave the following error.
    Type 'string | number | readonly (BorderRadius<string | number> | readonly NonNullable<BorderRadius<string | number> | undefined>[] | null | undefined)[] | { ...; } | ((theme: Theme) => ResponsiveStyleValue<...>) | null' is not assignable to type 'SystemStyleObject<Theme> | CssVariableType | ((theme: Theme) => string | number | SystemStyleObject<Theme>)'.
      Type 'readonly (BorderRadius<string | number> | readonly NonNullable<BorderRadius<string | number> | undefined>[] | null | undefined)[]' is not assignable to type 'SystemStyleObject<Theme> | CssVariableType | ((theme: Theme) => string | number | SystemStyleObject<Theme>)'.
        Type 'readonly (BorderRadius<string | number> | readonly NonNullable<BorderRadius<string | number> | undefined>[] | null | undefined)[]' is not assignable to type 'CSSSelectorObjectOrCssVariables<Theme>'.
          Index signature for type 'string' is missing in type 'readonly (BorderRadius<string | number> | readonly NonNullable<BorderRadius<string | number> | undefined>[] | null | undefined)[]'.
  Overload 2 of 2, '(props: DefaultComponentProps<BoxTypeMap<{}, "div", Theme>>): Element | null', gave the following error.
    Type 'number | (string & {}) | "-moz-initial" | "inherit" | "initial" | "revert" | "revert-layer" | "unset" | "none" | readonly (number | BoxShadow | null | undefined)[] | { [key: string]: number | BoxShadow | null | undefined; } | ((theme: Theme) => ResponsiveStyleValue<...>) | "2px 2px 5px rgba(0,0,0,0.15)" | null' is not assignable to type 'SystemStyleObject<Theme> | CssVariableType | ((theme: Theme) => string | number | SystemStyleObject<Theme>)'.
      Type 'readonly (number | BoxShadow | null | undefined)[]' is not assignable to type 'SystemStyleObject<Theme> | CssVariableType | ((theme: Theme) => string | number | SystemStyleObject<Theme>)'.
        Type 'readonly (number | BoxShadow | null | undefined)[]' is not assignable to type 'CSSSelectorObjectOrCssVariables<Theme>'.
          Index signature for type 'string' is missing in type 'readonly (number | BoxShadow | null | undefined)[]'.
  Overload 2 of 2, '(props: DefaultComponentProps<BoxTypeMap<{}, "div", Theme>>): Element | null', gave the following error.
    Type '(string & {}) | "-moz-initial" | "inherit" | "initial" | "revert" | "revert-layer" | "unset" | "none" | readonly (readonly string[] | Transform | null | undefined)[] | { [key: string]: readonly string[] | Transform | null | undefined; } | ((theme: Theme) => ResponsiveStyleValue<...>) | "rotate(5deg)" | null' is not assignable to type 'SystemStyleObject<Theme> | CssVariableType | ((theme: Theme) => string | number | SystemStyleObject<Theme>)'.
      Type 'readonly (readonly string[] | Transform | null | undefined)[]' is not assignable to type 'SystemStyleObject<Theme> | CssVariableType | ((theme: Theme) => string | number | SystemStyleObject<Theme>)'.
        Type 'readonly (readonly string[] | Transform | null | undefined)[]' is not assignable to type 'CSSSelectorObjectOrCssVariables<Theme>'.
          Index signature for type 'string' is missing in type 'readonly (readonly string[] | Transform | null | undefined)[]'.
  Overload 2 of 2, '(props: DefaultComponentProps<BoxTypeMap<{}, "div", Theme>>): Element | null', gave the following error.
    Type 'number | (string & {}) | "inset" | "hidden" | "-moz-initial" | "inherit" | "initial" | "revert" | "revert-layer" | "unset" | "aliceblue" | "antiquewhite" | "aqua" | "aquamarine" | ... 203 more ... | null' is not assignable to type 'SystemStyleObject<Theme> | CssVariableType | ((theme: Theme) => string | number | SystemStyleObject<Theme>)'.
      Type 'readonly (number | (string & {}) | "inset" | "hidden" | "-moz-initial" | "inherit" | "initial" | "revert" | "revert-layer" | "unset" | "aliceblue" | "antiquewhite" | "aqua" | "aquamarine" | ... 200 more ... | undefined)[]' is not assignable to type 'SystemStyleObject<Theme> | CssVariableType | ((theme: Theme) => string | number | SystemStyleObject<Theme>)'.
        Type 'readonly (number | (string & {}) | "inset" | "hidden" | "-moz-initial" | "inherit" | "initial" | "revert" | "revert-layer" | "unset" | "aliceblue" | "antiquewhite" | "aqua" | "aquamarine" | ... 200 more ... | undefined)[]' is not assignable to type 'CSSSelectorObjectOrCssVariables<Theme>'.
          Index signature for type 'string' is missing in type 'readonly (number | (string & {}) | "inset" | "hidden" | "-moz-initial" | "inherit" | "initial" | "revert" | "revert-layer" | "unset" | "aliceblue" | "antiquewhite" | "aqua" | "aquamarine" | ... 200 more ... | undefined)[]'.
src/features/events/scrapbookCard/ScrapbookCardOverlays.tsx(67,6): error TS2769: No overload matches this call.
  Overload 2 of 2, '(props: DefaultComponentProps<BoxTypeMap<{}, "div", Theme>>): Element | null', gave the following error.
    Type 'string | number | readonly (Top<string | number> | readonly NonNullable<Top<string | number> | undefined>[] | null | undefined)[] | { [key: string]: Top<string | number> | readonly NonNullable<...>[] | null | undefined; } | ((theme: Theme) => ResponsiveStyleValue<...>) | null' is not assignable to type 'SystemStyleObject<Theme> | CssVariableType | ((theme: Theme) => string | number | SystemStyleObject<Theme>)'.
      Type 'readonly (Top<string | number> | readonly NonNullable<Top<string | number> | undefined>[] | null | undefined)[]' is not assignable to type 'SystemStyleObject<Theme> | CssVariableType | ((theme: Theme) => string | number | SystemStyleObject<Theme>)'.
        Type 'readonly (Top<string | number> | readonly NonNullable<Top<string | number> | undefined>[] | null | undefined)[]' is not assignable to type 'CSSSelectorObjectOrCssVariables<Theme>'.
          Index signature for type 'string' is missing in type 'readonly (Top<string | number> | readonly NonNullable<Top<string | number> | undefined>[] | null | undefined)[]'.
  Overload 2 of 2, '(props: DefaultComponentProps<BoxTypeMap<{}, "div", Theme>>): Element | null', gave the following error.
    Type 'string | number | readonly (Right<string | number> | readonly NonNullable<Right<string | number> | undefined>[] | null | undefined)[] | { [key: string]: Right<string | number> | readonly NonNullable<...>[] | null | undefined; } | ((theme: Theme) => ResponsiveStyleValue<...>) | null' is not assignable to type 'SystemStyleObject<Theme> | CssVariableType | ((theme: Theme) => string | number | SystemStyleObject<Theme>)'.
      Type 'readonly (Right<string | number> | readonly NonNullable<Right<string | number> | undefined>[] | null | undefined)[]' is not assignable to type 'SystemStyleObject<Theme> | CssVariableType | ((theme: Theme) => string | number | SystemStyleObject<Theme>)'.
        Type 'readonly (Right<string | number> | readonly NonNullable<Right<string | number> | undefined>[] | null | undefined)[]' is not assignable to type 'CSSSelectorObjectOrCssVariables<Theme>'.
          Index signature for type 'string' is missing in type 'readonly (Right<string | number> | readonly NonNullable<Right<string | number> | undefined>[] | null | undefined)[]'.
  Overload 2 of 2, '(props: DefaultComponentProps<BoxTypeMap<{}, "div", Theme>>): Element | null', gave the following error.
    Type '(string & {}) | "-moz-initial" | "inherit" | "initial" | "revert" | "revert-layer" | "unset" | "aliceblue" | "antiquewhite" | "aqua" | "aquamarine" | "azure" | "beige" | "bisque" | ... 189 more ... | null' is not assignable to type 'SystemStyleObject<Theme> | CssVariableType | ((theme: Theme) => string | number | SystemStyleObject<Theme>)'.
      Type 'readonly (BackgroundColor | readonly string[] | null | undefined)[]' is not assignable to type 'SystemStyleObject<Theme> | CssVariableType | ((theme: Theme) => string | number | SystemStyleObject<Theme>)'.
        Type 'readonly (BackgroundColor | readonly string[] | null | undefined)[]' is not assignable to type 'CSSSelectorObjectOrCssVariables<Theme>'.
          Index signature for type 'string' is missing in type 'readonly (BackgroundColor | readonly string[] | null | undefined)[]'.
  Overload 2 of 2, '(props: DefaultComponentProps<BoxTypeMap<{}, "div", Theme>>): Element | null', gave the following error.
    Type 'string | number | readonly (Padding<string | number> | readonly NonNullable<Padding<string | number> | undefined>[] | null | undefined)[] | { [key: string]: Padding<string | number> | readonly NonNullable<...>[] | null | undefined; } | ((theme: Theme) => ResponsiveStyleValue<...>) | null' is not assignable to type 'SystemStyleObject<Theme> | CssVariableType | ((theme: Theme) => string | number | SystemStyleObject<Theme>)'.
      Type 'readonly (Padding<string | number> | readonly NonNullable<Padding<string | number> | undefined>[] | null | undefined)[]' is not assignable to type 'SystemStyleObject<Theme> | CssVariableType | ((theme: Theme) => string | number | SystemStyleObject<Theme>)'.
        Type 'readonly (Padding<string | number> | readonly NonNullable<Padding<string | number> | undefined>[] | null | undefined)[]' is not assignable to type 'CSSSelectorObjectOrCssVariables<Theme>'.
          Index signature for type 'string' is missing in type 'readonly (Padding<string | number> | readonly NonNullable<Padding<string | number> | undefined>[] | null | undefined)[]'.
  Overload 2 of 2, '(props: DefaultComponentProps<BoxTypeMap<{}, "div", Theme>>): Element | null', gave the following error.
    Type 'string | number | readonly (BorderRadius<string | number> | readonly NonNullable<BorderRadius<string | number> | undefined>[] | null | undefined)[] | { ...; } | ((theme: Theme) => ResponsiveStyleValue<...>) | null' is not assignable to type 'SystemStyleObject<Theme> | CssVariableType | ((theme: Theme) => string | number | SystemStyleObject<Theme>)'.
      Type 'readonly (BorderRadius<string | number> | readonly NonNullable<BorderRadius<string | number> | undefined>[] | null | undefined)[]' is not assignable to type 'SystemStyleObject<Theme> | CssVariableType | ((theme: Theme) => string | number | SystemStyleObject<Theme>)'.
        Type 'readonly (BorderRadius<string | number> | readonly NonNullable<BorderRadius<string | number> | undefined>[] | null | undefined)[]' is not assignable to type 'CSSSelectorObjectOrCssVariables<Theme>'.
          Index signature for type 'string' is missing in type 'readonly (BorderRadius<string | number> | readonly NonNullable<BorderRadius<string | number> | undefined>[] | null | undefined)[]'.
  Overload 2 of 2, '(props: DefaultComponentProps<BoxTypeMap<{}, "div", Theme>>): Element | null', gave the following error.
    Type 'number | (string & {}) | "-moz-initial" | "inherit" | "initial" | "revert" | "revert-layer" | "unset" | "none" | readonly (number | BoxShadow | null | undefined)[] | { [key: string]: number | BoxShadow | null | undefined; } | ((theme: Theme) => ResponsiveStyleValue<...>) | "1px 1px 4px rgba(0,0,0,0.12)" | null' is not assignable to type 'SystemStyleObject<Theme> | CssVariableType | ((theme: Theme) => string | number | SystemStyleObject<Theme>)'.
      Type 'readonly (number | BoxShadow | null | undefined)[]' is not assignable to type 'SystemStyleObject<Theme> | CssVariableType | ((theme: Theme) => string | number | SystemStyleObject<Theme>)'.
        Type 'readonly (number | BoxShadow | null | undefined)[]' is not assignable to type 'CSSSelectorObjectOrCssVariables<Theme>'.
          Index signature for type 'string' is missing in type 'readonly (number | BoxShadow | null | undefined)[]'.
  Overload 2 of 2, '(props: DefaultComponentProps<BoxTypeMap<{}, "div", Theme>>): Element | null', gave the following error.
    Type 'number | (string & {}) | "inset" | "hidden" | "-moz-initial" | "inherit" | "initial" | "revert" | "revert-layer" | "unset" | "aliceblue" | "antiquewhite" | "aqua" | "aquamarine" | ... 203 more ... | null' is not assignable to type 'SystemStyleObject<Theme> | CssVariableType | ((theme: Theme) => string | number | SystemStyleObject<Theme>)'.
      Type 'readonly (number | (string & {}) | "inset" | "hidden" | "-moz-initial" | "inherit" | "initial" | "revert" | "revert-layer" | "unset" | "aliceblue" | "antiquewhite" | "aqua" | "aquamarine" | ... 200 more ... | undefined)[]' is not assignable to type 'SystemStyleObject<Theme> | CssVariableType | ((theme: Theme) => string | number | SystemStyleObject<Theme>)'.
        Type 'readonly (number | (string & {}) | "inset" | "hidden" | "-moz-initial" | "inherit" | "initial" | "revert" | "revert-layer" | "unset" | "aliceblue" | "antiquewhite" | "aqua" | "aquamarine" | ... 200 more ... | undefined)[]' is not assignable to type 'CSSSelectorObjectOrCssVariables<Theme>'.
          Index signature for type 'string' is missing in type 'readonly (number | (string & {}) | "inset" | "hidden" | "-moz-initial" | "inherit" | "initial" | "revert" | "revert-layer" | "unset" | "aliceblue" | "antiquewhite" | "aqua" | "aquamarine" | ... 200 more ... | undefined)[]'.
src/features/events/scrapbookCard/ScrapbookCardOverlays.tsx(105,6): error TS2769: No overload matches this call.
  Overload 2 of 2, '(props: DefaultComponentProps<BoxTypeMap<{}, "div", Theme>>): Element | null', gave the following error.
    Type 'string | number | readonly (Bottom<string | number> | readonly NonNullable<Bottom<string | number> | undefined>[] | null | undefined)[] | { [key: string]: Bottom<string | number> | readonly NonNullable<...>[] | null | undefined; } | ((theme: Theme) => ResponsiveStyleValue<...>) | null' is not assignable to type 'SystemStyleObject<Theme> | CssVariableType | ((theme: Theme) => string | number | SystemStyleObject<Theme>)'.
      Type 'readonly (Bottom<string | number> | readonly NonNullable<Bottom<string | number> | undefined>[] | null | undefined)[]' is not assignable to type 'SystemStyleObject<Theme> | CssVariableType | ((theme: Theme) => string | number | SystemStyleObject<Theme>)'.
        Type 'readonly (Bottom<string | number> | readonly NonNullable<Bottom<string | number> | undefined>[] | null | undefined)[]' is not assignable to type 'CSSSelectorObjectOrCssVariables<Theme>'.
          Index signature for type 'string' is missing in type 'readonly (Bottom<string | number> | readonly NonNullable<Bottom<string | number> | undefined>[] | null | undefined)[]'.
  Overload 2 of 2, '(props: DefaultComponentProps<BoxTypeMap<{}, "div", Theme>>): Element | null', gave the following error.
    Type 'string | number | readonly (Left<string | number> | readonly NonNullable<Left<string | number> | undefined>[] | null | undefined)[] | { [key: string]: Left<string | number> | readonly NonNullable<...>[] | null | undefined; } | ((theme: Theme) => ResponsiveStyleValue<...>) | null' is not assignable to type 'SystemStyleObject<Theme> | CssVariableType | ((theme: Theme) => string | number | SystemStyleObject<Theme>)'.
      Type 'readonly (Left<string | number> | readonly NonNullable<Left<string | number> | undefined>[] | null | undefined)[]' is not assignable to type 'SystemStyleObject<Theme> | CssVariableType | ((theme: Theme) => string | number | SystemStyleObject<Theme>)'.
        Type 'readonly (Left<string | number> | readonly NonNullable<Left<string | number> | undefined>[] | null | undefined)[]' is not assignable to type 'CSSSelectorObjectOrCssVariables<Theme>'.
          Index signature for type 'string' is missing in type 'readonly (Left<string | number> | readonly NonNullable<Left<string | number> | undefined>[] | null | undefined)[]'.
  Overload 2 of 2, '(props: DefaultComponentProps<BoxTypeMap<{}, "div", Theme>>): Element | null', gave the following error.
    Type '(string & {}) | "-moz-initial" | "inherit" | "initial" | "revert" | "revert-layer" | "unset" | "aliceblue" | "antiquewhite" | "aqua" | "aquamarine" | "azure" | "beige" | "bisque" | ... 189 more ... | null' is not assignable to type 'SystemStyleObject<Theme> | CssVariableType | ((theme: Theme) => string | number | SystemStyleObject<Theme>)'.
      Type 'readonly (BackgroundColor | readonly string[] | null | undefined)[]' is not assignable to type 'SystemStyleObject<Theme> | CssVariableType | ((theme: Theme) => string | number | SystemStyleObject<Theme>)'.
        Type 'readonly (BackgroundColor | readonly string[] | null | undefined)[]' is not assignable to type 'CSSSelectorObjectOrCssVariables<Theme>'.
          Index signature for type 'string' is missing in type 'readonly (BackgroundColor | readonly string[] | null | undefined)[]'.
  Overload 2 of 2, '(props: DefaultComponentProps<BoxTypeMap<{}, "div", Theme>>): Element | null', gave the following error.
    Type '(string & {}) | "-moz-initial" | "inherit" | "initial" | "revert" | "revert-layer" | "unset" | "aliceblue" | "antiquewhite" | "aqua" | "aquamarine" | "azure" | "beige" | "bisque" | ... 189 more ... | null' is not assignable to type 'SystemStyleObject<Theme> | CssVariableType | ((theme: Theme) => string | number | SystemStyleObject<Theme>)'.
      Type 'readonly (readonly string[] | Color | null | undefined)[]' is not assignable to type 'SystemStyleObject<Theme> | CssVariableType | ((theme: Theme) => string | number | SystemStyleObject<Theme>)'.
        Type 'readonly (readonly string[] | Color | null | undefined)[]' is not assignable to type 'CSSSelectorObjectOrCssVariables<Theme>'.
          Index signature for type 'string' is missing in type 'readonly (readonly string[] | Color | null | undefined)[]'.
  Overload 2 of 2, '(props: DefaultComponentProps<BoxTypeMap<{}, "div", Theme>>): Element | null', gave the following error.
    Type 'string | number | readonly (Padding<string | number> | readonly NonNullable<Padding<string | number> | undefined>[] | null | undefined)[] | { [key: string]: Padding<string | number> | readonly NonNullable<...>[] | null | undefined; } | ((theme: Theme) => ResponsiveStyleValue<...>) | null' is not assignable to type 'SystemStyleObject<Theme> | CssVariableType | ((theme: Theme) => string | number | SystemStyleObject<Theme>)'.
      Type 'readonly (Padding<string | number> | readonly NonNullable<Padding<string | number> | undefined>[] | null | undefined)[]' is not assignable to type 'SystemStyleObject<Theme> | CssVariableType | ((theme: Theme) => string | number | SystemStyleObject<Theme>)'.
        Type 'readonly (Padding<string | number> | readonly NonNullable<Padding<string | number> | undefined>[] | null | undefined)[]' is not assignable to type 'CSSSelectorObjectOrCssVariables<Theme>'.
          Index signature for type 'string' is missing in type 'readonly (Padding<string | number> | readonly NonNullable<Padding<string | number> | undefined>[] | null | undefined)[]'.
  Overload 2 of 2, '(props: DefaultComponentProps<BoxTypeMap<{}, "div", Theme>>): Element | null', gave the following error.
    Type 'string | number | readonly (BorderRadius<string | number> | readonly NonNullable<BorderRadius<string | number> | undefined>[] | null | undefined)[] | { ...; } | ((theme: Theme) => ResponsiveStyleValue<...>) | null' is not assignable to type 'SystemStyleObject<Theme> | CssVariableType | ((theme: Theme) => string | number | SystemStyleObject<Theme>)'.
      Type 'readonly (BorderRadius<string | number> | readonly NonNullable<BorderRadius<string | number> | undefined>[] | null | undefined)[]' is not assignable to type 'SystemStyleObject<Theme> | CssVariableType | ((theme: Theme) => string | number | SystemStyleObject<Theme>)'.
        Type 'readonly (BorderRadius<string | number> | readonly NonNullable<BorderRadius<string | number> | undefined>[] | null | undefined)[]' is not assignable to type 'CSSSelectorObjectOrCssVariables<Theme>'.
          Index signature for type 'string' is missing in type 'readonly (BorderRadius<string | number> | readonly NonNullable<BorderRadius<string | number> | undefined>[] | null | undefined)[]'.
  Overload 2 of 2, '(props: DefaultComponentProps<BoxTypeMap<{}, "div", Theme>>): Element | null', gave the following error.
    Type '(string & {}) | "-moz-initial" | "inherit" | "initial" | "revert" | "revert-layer" | "unset" | "-apple-system" | "cursive" | "fantasy" | "math" | "monospace" | "sans-serif" | ... 12 more ... | null' is not assignable to type 'SystemStyleObject<Theme> | CssVariableType | ((theme: Theme) => string | number | SystemStyleObject<Theme>)'.
      Type 'readonly (readonly string[] | FontFamily | null | undefined)[]' is not assignable to type 'SystemStyleObject<Theme> | CssVariableType | ((theme: Theme) => string | number | SystemStyleObject<Theme>)'.
        Type 'readonly (readonly string[] | FontFamily | null | undefined)[]' is not assignable to type 'CSSSelectorObjectOrCssVariables<Theme>'.
          Index signature for type 'string' is missing in type 'readonly (readonly string[] | FontFamily | null | undefined)[]'.
  Overload 2 of 2, '(props: DefaultComponentProps<BoxTypeMap<{}, "div", Theme>>): Element | null', gave the following error.
    Type 'string | number | readonly (FontSize<string | number> | readonly NonNullable<FontSize<string | number> | undefined>[] | null | undefined)[] | { [key: string]: FontSize<string | number> | readonly NonNullable<...>[] | null | undefined; } | ((theme: Theme) => ResponsiveStyleValue<...>) | null' is not assignable to type 'SystemStyleObject<Theme> | CssVariableType | ((theme: Theme) => string | number | SystemStyleObject<Theme>)'.
      Type 'readonly (FontSize<string | number> | readonly NonNullable<FontSize<string | number> | undefined>[] | null | undefined)[]' is not assignable to type 'SystemStyleObject<Theme> | CssVariableType | ((theme: Theme) => string | number | SystemStyleObject<Theme>)'.
        Type 'readonly (FontSize<string | number> | readonly NonNullable<FontSize<string | number> | undefined>[] | null | undefined)[]' is not assignable to type 'CSSSelectorObjectOrCssVariables<Theme>'.
          Index signature for type 'string' is missing in type 'readonly (FontSize<string | number> | readonly NonNullable<FontSize<string | number> | undefined>[] | null | undefined)[]'.
src/features/events/scrapbookCard/ScrapbookCardOverlays.tsx(153,6): error TS2769: No overload matches this call.
  Overload 2 of 2, '(props: DefaultComponentProps<BoxTypeMap<{}, "div", Theme>>): Element | null', gave the following error.
    Type 'string | number | readonly (Bottom<string | number> | readonly NonNullable<Bottom<string | number> | undefined>[] | null | undefined)[] | { [key: string]: Bottom<string | number> | readonly NonNullable<...>[] | null | undefined; } | ((theme: Theme) => ResponsiveStyleValue<...>) | null' is not assignable to type 'SystemStyleObject<Theme> | CssVariableType | ((theme: Theme) => string | number | SystemStyleObject<Theme>)'.
      Type 'readonly (Bottom<string | number> | readonly NonNullable<Bottom<string | number> | undefined>[] | null | undefined)[]' is not assignable to type 'SystemStyleObject<Theme> | CssVariableType | ((theme: Theme) => string | number | SystemStyleObject<Theme>)'.
        Type 'readonly (Bottom<string | number> | readonly NonNullable<Bottom<string | number> | undefined>[] | null | undefined)[]' is not assignable to type 'CSSSelectorObjectOrCssVariables<Theme>'.
          Index signature for type 'string' is missing in type 'readonly (Bottom<string | number> | readonly NonNullable<Bottom<string | number> | undefined>[] | null | undefined)[]'.
  Overload 2 of 2, '(props: DefaultComponentProps<BoxTypeMap<{}, "div", Theme>>): Element | null', gave the following error.
    Type 'string | number | readonly (Left<string | number> | readonly NonNullable<Left<string | number> | undefined>[] | null | undefined)[] | { [key: string]: Left<string | number> | readonly NonNullable<...>[] | null | undefined; } | ((theme: Theme) => ResponsiveStyleValue<...>) | null' is not assignable to type 'SystemStyleObject<Theme> | CssVariableType | ((theme: Theme) => string | number | SystemStyleObject<Theme>)'.
      Type 'readonly (Left<string | number> | readonly NonNullable<Left<string | number> | undefined>[] | null | undefined)[]' is not assignable to type 'SystemStyleObject<Theme> | CssVariableType | ((theme: Theme) => string | number | SystemStyleObject<Theme>)'.
        Type 'readonly (Left<string | number> | readonly NonNullable<Left<string | number> | undefined>[] | null | undefined)[]' is not assignable to type 'CSSSelectorObjectOrCssVariables<Theme>'.
          Index signature for type 'string' is missing in type 'readonly (Left<string | number> | readonly NonNullable<Left<string | number> | undefined>[] | null | undefined)[]'.
  Overload 2 of 2, '(props: DefaultComponentProps<BoxTypeMap<{}, "div", Theme>>): Element | null', gave the following error.
    Type '(string & {}) | "-moz-initial" | "inherit" | "initial" | "revert" | "revert-layer" | "unset" | "aliceblue" | "antiquewhite" | "aqua" | "aquamarine" | "azure" | "beige" | "bisque" | ... 190 more ... | null' is not assignable to type 'SystemStyleObject<Theme> | CssVariableType | ((theme: Theme) => string | number | SystemStyleObject<Theme>)'.
      Type 'readonly (BackgroundColor | readonly string[] | null | undefined)[]' is not assignable to type 'SystemStyleObject<Theme> | CssVariableType | ((theme: Theme) => string | number | SystemStyleObject<Theme>)'.
        Type 'readonly (BackgroundColor | readonly string[] | null | undefined)[]' is not assignable to type 'CSSSelectorObjectOrCssVariables<Theme>'.
          Index signature for type 'string' is missing in type 'readonly (BackgroundColor | readonly string[] | null | undefined)[]'.
  Overload 2 of 2, '(props: DefaultComponentProps<BoxTypeMap<{}, "div", Theme>>): Element | null', gave the following error.
    Type '(string & {}) | "-moz-initial" | "inherit" | "initial" | "revert" | "revert-layer" | "unset" | "aliceblue" | "antiquewhite" | "aqua" | "aquamarine" | "azure" | "beige" | "bisque" | ... 189 more ... | null' is not assignable to type 'SystemStyleObject<Theme> | CssVariableType | ((theme: Theme) => string | number | SystemStyleObject<Theme>)'.
      Type 'readonly (readonly string[] | Color | null | undefined)[]' is not assignable to type 'SystemStyleObject<Theme> | CssVariableType | ((theme: Theme) => string | number | SystemStyleObject<Theme>)'.
        Type 'readonly (readonly string[] | Color | null | undefined)[]' is not assignable to type 'CSSSelectorObjectOrCssVariables<Theme>'.
          Index signature for type 'string' is missing in type 'readonly (readonly string[] | Color | null | undefined)[]'.
  Overload 2 of 2, '(props: DefaultComponentProps<BoxTypeMap<{}, "div", Theme>>): Element | null', gave the following error.
    Type 'string | number | readonly (Padding<string | number> | readonly NonNullable<Padding<string | number> | undefined>[] | null | undefined)[] | { [key: string]: Padding<string | number> | readonly NonNullable<...>[] | null | undefined; } | ((theme: Theme) => ResponsiveStyleValue<...>) | null' is not assignable to type 'SystemStyleObject<Theme> | CssVariableType | ((theme: Theme) => string | number | SystemStyleObject<Theme>)'.
      Type 'readonly (Padding<string | number> | readonly NonNullable<Padding<string | number> | undefined>[] | null | undefined)[]' is not assignable to type 'SystemStyleObject<Theme> | CssVariableType | ((theme: Theme) => string | number | SystemStyleObject<Theme>)'.
        Type 'readonly (Padding<string | number> | readonly NonNullable<Padding<string | number> | undefined>[] | null | undefined)[]' is not assignable to type 'CSSSelectorObjectOrCssVariables<Theme>'.
          Index signature for type 'string' is missing in type 'readonly (Padding<string | number> | readonly NonNullable<Padding<string | number> | undefined>[] | null | undefined)[]'.
  Overload 2 of 2, '(props: DefaultComponentProps<BoxTypeMap<{}, "div", Theme>>): Element | null', gave the following error.
    Type 'string | number | readonly (BorderRadius<string | number> | readonly NonNullable<BorderRadius<string | number> | undefined>[] | null | undefined)[] | { ...; } | ((theme: Theme) => ResponsiveStyleValue<...>) | null' is not assignable to type 'SystemStyleObject<Theme> | CssVariableType | ((theme: Theme) => string | number | SystemStyleObject<Theme>)'.
      Type 'readonly (BorderRadius<string | number> | readonly NonNullable<BorderRadius<string | number> | undefined>[] | null | undefined)[]' is not assignable to type 'SystemStyleObject<Theme> | CssVariableType | ((theme: Theme) => string | number | SystemStyleObject<Theme>)'.
        Type 'readonly (BorderRadius<string | number> | readonly NonNullable<BorderRadius<string | number> | undefined>[] | null | undefined)[]' is not assignable to type 'CSSSelectorObjectOrCssVariables<Theme>'.
          Index signature for type 'string' is missing in type 'readonly (BorderRadius<string | number> | readonly NonNullable<BorderRadius<string | number> | undefined>[] | null | undefined)[]'.
  Overload 2 of 2, '(props: DefaultComponentProps<BoxTypeMap<{}, "div", Theme>>): Element | null', gave the following error.
    Type '(string & {}) | "-moz-initial" | "inherit" | "initial" | "revert" | "revert-layer" | "unset" | "-apple-system" | "cursive" | "fantasy" | "math" | "monospace" | "sans-serif" | ... 12 more ... | null' is not assignable to type 'SystemStyleObject<Theme> | CssVariableType | ((theme: Theme) => string | number | SystemStyleObject<Theme>)'.
      Type 'readonly (readonly string[] | FontFamily | null | undefined)[]' is not assignable to type 'SystemStyleObject<Theme> | CssVariableType | ((theme: Theme) => string | number | SystemStyleObject<Theme>)'.
        Type 'readonly (readonly string[] | FontFamily | null | undefined)[]' is not assignable to type 'CSSSelectorObjectOrCssVariables<Theme>'.
          Index signature for type 'string' is missing in type 'readonly (readonly string[] | FontFamily | null | undefined)[]'.
  Overload 2 of 2, '(props: DefaultComponentProps<BoxTypeMap<{}, "div", Theme>>): Element | null', gave the following error.
    Type 'string | number | readonly (FontSize<string | number> | readonly NonNullable<FontSize<string | number> | undefined>[] | null | undefined)[] | { [key: string]: FontSize<string | number> | readonly NonNullable<...>[] | null | undefined; } | ((theme: Theme) => ResponsiveStyleValue<...>) | null' is not assignable to type 'SystemStyleObject<Theme> | CssVariableType | ((theme: Theme) => string | number | SystemStyleObject<Theme>)'.
      Type 'readonly (FontSize<string | number> | readonly NonNullable<FontSize<string | number> | undefined>[] | null | undefined)[]' is not assignable to type 'SystemStyleObject<Theme> | CssVariableType | ((theme: Theme) => string | number | SystemStyleObject<Theme>)'.
        Type 'readonly (FontSize<string | number> | readonly NonNullable<FontSize<string | number> | undefined>[] | null | undefined)[]' is not assignable to type 'CSSSelectorObjectOrCssVariables<Theme>'.
          Index signature for type 'string' is missing in type 'readonly (FontSize<string | number> | readonly NonNullable<FontSize<string | number> | undefined>[] | null | undefined)[]'.
src/features/events/scrapbookCard/ScrapbookCardOverlays.tsx(187,8): error TS2769: No overload matches this call.
  Overload 2 of 2, '(props: DefaultComponentProps<BoxTypeMap<{}, "div", Theme>>): Element | null', gave the following error.
    Type 'string | number | readonly (Bottom<string | number> | readonly NonNullable<Bottom<string | number> | undefined>[] | null | undefined)[] | { [key: string]: Bottom<string | number> | readonly NonNullable<...>[] | null | undefined; } | ((theme: Theme) => ResponsiveStyleValue<...>) | null' is not assignable to type 'SystemStyleObject<Theme> | CssVariableType | ((theme: Theme) => string | number | SystemStyleObject<Theme>)'.
      Type 'readonly (Bottom<string | number> | readonly NonNullable<Bottom<string | number> | undefined>[] | null | undefined)[]' is not assignable to type 'SystemStyleObject<Theme> | CssVariableType | ((theme: Theme) => string | number | SystemStyleObject<Theme>)'.
        Type 'readonly (Bottom<string | number> | readonly NonNullable<Bottom<string | number> | undefined>[] | null | undefined)[]' is not assignable to type 'CSSSelectorObjectOrCssVariables<Theme>'.
          Index signature for type 'string' is missing in type 'readonly (Bottom<string | number> | readonly NonNullable<Bottom<string | number> | undefined>[] | null | undefined)[]'.
  Overload 2 of 2, '(props: DefaultComponentProps<BoxTypeMap<{}, "div", Theme>>): Element | null', gave the following error.
    Type 'string | number | readonly (Right<string | number> | readonly NonNullable<Right<string | number> | undefined>[] | null | undefined)[] | { [key: string]: Right<string | number> | readonly NonNullable<...>[] | null | undefined; } | ((theme: Theme) => ResponsiveStyleValue<...>) | null' is not assignable to type 'SystemStyleObject<Theme> | CssVariableType | ((theme: Theme) => string | number | SystemStyleObject<Theme>)'.
      Type 'readonly (Right<string | number> | readonly NonNullable<Right<string | number> | undefined>[] | null | undefined)[]' is not assignable to type 'SystemStyleObject<Theme> | CssVariableType | ((theme: Theme) => string | number | SystemStyleObject<Theme>)'.
        Type 'readonly (Right<string | number> | readonly NonNullable<Right<string | number> | undefined>[] | null | undefined)[]' is not assignable to type 'CSSSelectorObjectOrCssVariables<Theme>'.
          Index signature for type 'string' is missing in type 'readonly (Right<string | number> | readonly NonNullable<Right<string | number> | undefined>[] | null | undefined)[]'.
  Overload 2 of 2, '(props: DefaultComponentProps<BoxTypeMap<{}, "div", Theme>>): Element | null', gave the following error.
    Type '(string & {}) | "-moz-initial" | "inherit" | "initial" | "revert" | "revert-layer" | "unset" | "aliceblue" | "antiquewhite" | "aqua" | "aquamarine" | "azure" | "beige" | "bisque" | ... 189 more ... | null' is not assignable to type 'SystemStyleObject<Theme> | CssVariableType | ((theme: Theme) => string | number | SystemStyleObject<Theme>)'.
      Type 'readonly (BackgroundColor | readonly string[] | null | undefined)[]' is not assignable to type 'SystemStyleObject<Theme> | CssVariableType | ((theme: Theme) => string | number | SystemStyleObject<Theme>)'.
        Type 'readonly (BackgroundColor | readonly string[] | null | undefined)[]' is not assignable to type 'CSSSelectorObjectOrCssVariables<Theme>'.
          Index signature for type 'string' is missing in type 'readonly (BackgroundColor | readonly string[] | null | undefined)[]'.
  Overload 2 of 2, '(props: DefaultComponentProps<BoxTypeMap<{}, "div", Theme>>): Element | null', gave the following error.
    Type '(string & {}) | "-moz-initial" | "inherit" | "initial" | "revert" | "revert-layer" | "unset" | "aliceblue" | "antiquewhite" | "aqua" | "aquamarine" | "azure" | "beige" | "bisque" | ... 189 more ... | null' is not assignable to type 'SystemStyleObject<Theme> | CssVariableType | ((theme: Theme) => string | number | SystemStyleObject<Theme>)'.
      Type 'readonly (readonly string[] | Color | null | undefined)[]' is not assignable to type 'SystemStyleObject<Theme> | CssVariableType | ((theme: Theme) => string | number | SystemStyleObject<Theme>)'.
        Type 'readonly (readonly string[] | Color | null | undefined)[]' is not assignable to type 'CSSSelectorObjectOrCssVariables<Theme>'.
          Index signature for type 'string' is missing in type 'readonly (readonly string[] | Color | null | undefined)[]'.
  Overload 2 of 2, '(props: DefaultComponentProps<BoxTypeMap<{}, "div", Theme>>): Element | null', gave the following error.
    Type 'string | number | readonly (Padding<string | number> | readonly NonNullable<Padding<string | number> | undefined>[] | null | undefined)[] | { [key: string]: Padding<string | number> | readonly NonNullable<...>[] | null | undefined; } | ((theme: Theme) => ResponsiveStyleValue<...>) | null' is not assignable to type 'SystemStyleObject<Theme> | CssVariableType | ((theme: Theme) => string | number | SystemStyleObject<Theme>)'.
      Type 'readonly (Padding<string | number> | readonly NonNullable<Padding<string | number> | undefined>[] | null | undefined)[]' is not assignable to type 'SystemStyleObject<Theme> | CssVariableType | ((theme: Theme) => string | number | SystemStyleObject<Theme>)'.
        Type 'readonly (Padding<string | number> | readonly NonNullable<Padding<string | number> | undefined>[] | null | undefined)[]' is not assignable to type 'CSSSelectorObjectOrCssVariables<Theme>'.
          Index signature for type 'string' is missing in type 'readonly (Padding<string | number> | readonly NonNullable<Padding<string | number> | undefined>[] | null | undefined)[]'.
  Overload 2 of 2, '(props: DefaultComponentProps<BoxTypeMap<{}, "div", Theme>>): Element | null', gave the following error.
    Type 'string | number | readonly (BorderRadius<string | number> | readonly NonNullable<BorderRadius<string | number> | undefined>[] | null | undefined)[] | { ...; } | ((theme: Theme) => ResponsiveStyleValue<...>) | null' is not assignable to type 'SystemStyleObject<Theme> | CssVariableType | ((theme: Theme) => string | number | SystemStyleObject<Theme>)'.
      Type 'readonly (BorderRadius<string | number> | readonly NonNullable<BorderRadius<string | number> | undefined>[] | null | undefined)[]' is not assignable to type 'SystemStyleObject<Theme> | CssVariableType | ((theme: Theme) => string | number | SystemStyleObject<Theme>)'.
        Type 'readonly (BorderRadius<string | number> | readonly NonNullable<BorderRadius<string | number> | undefined>[] | null | undefined)[]' is not assignable to type 'CSSSelectorObjectOrCssVariables<Theme>'.
          Index signature for type 'string' is missing in type 'readonly (BorderRadius<string | number> | readonly NonNullable<BorderRadius<string | number> | undefined>[] | null | undefined)[]'.
  Overload 2 of 2, '(props: DefaultComponentProps<BoxTypeMap<{}, "div", Theme>>): Element | null', gave the following error.
    Type 'string | number | readonly (FontSize<string | number> | readonly NonNullable<FontSize<string | number> | undefined>[] | null | undefined)[] | { [key: string]: FontSize<string | number> | readonly NonNullable<...>[] | null | undefined; } | ((theme: Theme) => ResponsiveStyleValue<...>) | null' is not assignable to type 'SystemStyleObject<Theme> | CssVariableType | ((theme: Theme) => string | number | SystemStyleObject<Theme>)'.
      Type 'readonly (FontSize<string | number> | readonly NonNullable<FontSize<string | number> | undefined>[] | null | undefined)[]' is not assignable to type 'SystemStyleObject<Theme> | CssVariableType | ((theme: Theme) => string | number | SystemStyleObject<Theme>)'.
        Type 'readonly (FontSize<string | number> | readonly NonNullable<FontSize<string | number> | undefined>[] | null | undefined)[]' is not assignable to type 'CSSSelectorObjectOrCssVariables<Theme>'.
          Index signature for type 'string' is missing in type 'readonly (FontSize<string | number> | readonly NonNullable<FontSize<string | number> | undefined>[] | null | undefined)[]'.
  Overload 2 of 2, '(props: DefaultComponentProps<BoxTypeMap<{}, "div", Theme>>): Element | null', gave the following error.
    Type 'string | (number & {}) | readonly (string | (string & {}) | (number & {}) | null | undefined)[] | { [key: string]: string | (string & {}) | (number & {}) | null | undefined; } | ((theme: Theme) => ResponsiveStyleValue<...>) | null' is not assignable to type 'SystemStyleObject<Theme> | CssVariableType | ((theme: Theme) => string | number | SystemStyleObject<Theme>)'.
      Type 'readonly (string | (string & {}) | (number & {}) | null | undefined)[]' is not assignable to type 'SystemStyleObject<Theme> | CssVariableType | ((theme: Theme) => string | number | SystemStyleObject<Theme>)'.
        Type 'readonly (string | (string & {}) | (number & {}) | null | undefined)[]' is not assignable to type 'CSSSelectorObjectOrCssVariables<Theme>'.
          Index signature for type 'string' is missing in type 'readonly (string | (string & {}) | (number & {}) | null | undefined)[]'.
src/features/events/scrapbookCard/ScrapbookCardOverlays.tsx(207,6): error TS2769: No overload matches this call.
  Overload 2 of 2, '(props: DefaultComponentProps<BoxTypeMap<{}, "div", Theme>>): Element | null', gave the following error.
    Type 'string | number | readonly (Bottom<string | number> | readonly NonNullable<Bottom<string | number> | undefined>[] | null | undefined)[] | { [key: string]: Bottom<string | number> | readonly NonNullable<...>[] | null | undefined; } | ((theme: Theme) => ResponsiveStyleValue<...>) | null' is not assignable to type 'SystemStyleObject<Theme> | CssVariableType | ((theme: Theme) => string | number | SystemStyleObject<Theme>)'.
      Type 'readonly (Bottom<string | number> | readonly NonNullable<Bottom<string | number> | undefined>[] | null | undefined)[]' is not assignable to type 'SystemStyleObject<Theme> | CssVariableType | ((theme: Theme) => string | number | SystemStyleObject<Theme>)'.
        Type 'readonly (Bottom<string | number> | readonly NonNullable<Bottom<string | number> | undefined>[] | null | undefined)[]' is not assignable to type 'CSSSelectorObjectOrCssVariables<Theme>'.
          Index signature for type 'string' is missing in type 'readonly (Bottom<string | number> | readonly NonNullable<Bottom<string | number> | undefined>[] | null | undefined)[]'.
  Overload 2 of 2, '(props: DefaultComponentProps<BoxTypeMap<{}, "div", Theme>>): Element | null', gave the following error.
    Type 'string | number | readonly (Right<string | number> | readonly NonNullable<Right<string | number> | undefined>[] | null | undefined)[] | { [key: string]: Right<string | number> | readonly NonNullable<...>[] | null | undefined; } | ((theme: Theme) => ResponsiveStyleValue<...>) | null' is not assignable to type 'SystemStyleObject<Theme> | CssVariableType | ((theme: Theme) => string | number | SystemStyleObject<Theme>)'.
      Type 'readonly (Right<string | number> | readonly NonNullable<Right<string | number> | undefined>[] | null | undefined)[]' is not assignable to type 'SystemStyleObject<Theme> | CssVariableType | ((theme: Theme) => string | number | SystemStyleObject<Theme>)'.
        Type 'readonly (Right<string | number> | readonly NonNullable<Right<string | number> | undefined>[] | null | undefined)[]' is not assignable to type 'CSSSelectorObjectOrCssVariables<Theme>'.
          Index signature for type 'string' is missing in type 'readonly (Right<string | number> | readonly NonNullable<Right<string | number> | undefined>[] | null | undefined)[]'.
  Overload 2 of 2, '(props: DefaultComponentProps<BoxTypeMap<{}, "div", Theme>>): Element | null', gave the following error.
    Type '(string & {}) | "-moz-initial" | "inherit" | "initial" | "revert" | "revert-layer" | "unset" | "aliceblue" | "antiquewhite" | "aqua" | "aquamarine" | "azure" | "beige" | "bisque" | ... 189 more ... | null' is not assignable to type 'SystemStyleObject<Theme> | CssVariableType | ((theme: Theme) => string | number | SystemStyleObject<Theme>)'.
      Type 'readonly (BackgroundColor | readonly string[] | null | undefined)[]' is not assignable to type 'SystemStyleObject<Theme> | CssVariableType | ((theme: Theme) => string | number | SystemStyleObject<Theme>)'.
        Type 'readonly (BackgroundColor | readonly string[] | null | undefined)[]' is not assignable to type 'CSSSelectorObjectOrCssVariables<Theme>'.
          Index signature for type 'string' is missing in type 'readonly (BackgroundColor | readonly string[] | null | undefined)[]'.
  Overload 2 of 2, '(props: DefaultComponentProps<BoxTypeMap<{}, "div", Theme>>): Element | null', gave the following error.
    Type '(string & {}) | "-moz-initial" | "inherit" | "initial" | "revert" | "revert-layer" | "unset" | "aliceblue" | "antiquewhite" | "aqua" | "aquamarine" | "azure" | "beige" | "bisque" | ... 189 more ... | null' is not assignable to type 'SystemStyleObject<Theme> | CssVariableType | ((theme: Theme) => string | number | SystemStyleObject<Theme>)'.
      Type 'readonly (readonly string[] | Color | null | undefined)[]' is not assignable to type 'SystemStyleObject<Theme> | CssVariableType | ((theme: Theme) => string | number | SystemStyleObject<Theme>)'.
        Type 'readonly (readonly string[] | Color | null | undefined)[]' is not assignable to type 'CSSSelectorObjectOrCssVariables<Theme>'.
          Index signature for type 'string' is missing in type 'readonly (readonly string[] | Color | null | undefined)[]'.
  Overload 2 of 2, '(props: DefaultComponentProps<BoxTypeMap<{}, "div", Theme>>): Element | null', gave the following error.
    Type 'string | number | readonly (Padding<string | number> | readonly NonNullable<Padding<string | number> | undefined>[] | null | undefined)[] | { [key: string]: Padding<string | number> | readonly NonNullable<...>[] | null | undefined; } | ((theme: Theme) => ResponsiveStyleValue<...>) | null' is not assignable to type 'SystemStyleObject<Theme> | CssVariableType | ((theme: Theme) => string | number | SystemStyleObject<Theme>)'.
      Type 'readonly (Padding<string | number> | readonly NonNullable<Padding<string | number> | undefined>[] | null | undefined)[]' is not assignable to type 'SystemStyleObject<Theme> | CssVariableType | ((theme: Theme) => string | number | SystemStyleObject<Theme>)'.
        Type 'readonly (Padding<string | number> | readonly NonNullable<Padding<string | number> | undefined>[] | null | undefined)[]' is not assignable to type 'CSSSelectorObjectOrCssVariables<Theme>'.
          Index signature for type 'string' is missing in type 'readonly (Padding<string | number> | readonly NonNullable<Padding<string | number> | undefined>[] | null | undefined)[]'.
  Overload 2 of 2, '(props: DefaultComponentProps<BoxTypeMap<{}, "div", Theme>>): Element | null', gave the following error.
    Type '(string & {}) | "-moz-initial" | "inherit" | "initial" | "revert" | "revert-layer" | "unset" | "none" | readonly (readonly string[] | Transform | null | undefined)[] | { [key: string]: readonly string[] | Transform | null | undefined; } | ((theme: Theme) => ResponsiveStyleValue<...>) | "rotate(-10deg)" | null' is not assignable to type 'SystemStyleObject<Theme> | CssVariableType | ((theme: Theme) => string | number | SystemStyleObject<Theme>)'.
      Type 'readonly (readonly string[] | Transform | null | undefined)[]' is not assignable to type 'SystemStyleObject<Theme> | CssVariableType | ((theme: Theme) => string | number | SystemStyleObject<Theme>)'.
        Type 'readonly (readonly string[] | Transform | null | undefined)[]' is not assignable to type 'CSSSelectorObjectOrCssVariables<Theme>'.
          Index signature for type 'string' is missing in type 'readonly (readonly string[] | Transform | null | undefined)[]'.
  Overload 2 of 2, '(props: DefaultComponentProps<BoxTypeMap<{}, "div", Theme>>): Element | null', gave the following error.
    Type 'number | (string & {}) | "-moz-initial" | "inherit" | "initial" | "revert" | "revert-layer" | "unset" | "none" | readonly (number | BoxShadow | null | undefined)[] | { [key: string]: number | BoxShadow | null | undefined; } | ((theme: Theme) => ResponsiveStyleValue<...>) | "2px 2px 5px rgba(0,0,0,0.1)" | null' is not assignable to type 'SystemStyleObject<Theme> | CssVariableType | ((theme: Theme) => string | number | SystemStyleObject<Theme>)'.
      Type 'readonly (number | BoxShadow | null | undefined)[]' is not assignable to type 'SystemStyleObject<Theme> | CssVariableType | ((theme: Theme) => string | number | SystemStyleObject<Theme>)'.
        Type 'readonly (number | BoxShadow | null | undefined)[]' is not assignable to type 'CSSSelectorObjectOrCssVariables<Theme>'.
          Index signature for type 'string' is missing in type 'readonly (number | BoxShadow | null | undefined)[]'.
src/features/events/scrapbookCard/ScrapbookCardOverlays.tsx(244,6): error TS2769: No overload matches this call.
  Overload 2 of 2, '(props: DefaultComponentProps<BoxTypeMap<{}, "div", Theme>>): Element | null', gave the following error.
    Type 'string | number | readonly (Bottom<string | number> | readonly NonNullable<Bottom<string | number> | undefined>[] | null | undefined)[] | { [key: string]: Bottom<string | number> | readonly NonNullable<...>[] | null | undefined; } | ((theme: Theme) => ResponsiveStyleValue<...>) | null' is not assignable to type 'SystemStyleObject<Theme> | CssVariableType | ((theme: Theme) => string | number | SystemStyleObject<Theme>)'.
      Type 'readonly (Bottom<string | number> | readonly NonNullable<Bottom<string | number> | undefined>[] | null | undefined)[]' is not assignable to type 'SystemStyleObject<Theme> | CssVariableType | ((theme: Theme) => string | number | SystemStyleObject<Theme>)'.
        Type 'readonly (Bottom<string | number> | readonly NonNullable<Bottom<string | number> | undefined>[] | null | undefined)[]' is not assignable to type 'CSSSelectorObjectOrCssVariables<Theme>'.
          Index signature for type 'string' is missing in type 'readonly (Bottom<string | number> | readonly NonNullable<Bottom<string | number> | undefined>[] | null | undefined)[]'.
  Overload 2 of 2, '(props: DefaultComponentProps<BoxTypeMap<{}, "div", Theme>>): Element | null', gave the following error.
    Type 'string | number | readonly (Right<string | number> | readonly NonNullable<Right<string | number> | undefined>[] | null | undefined)[] | { [key: string]: Right<string | number> | readonly NonNullable<...>[] | null | undefined; } | ((theme: Theme) => ResponsiveStyleValue<...>) | null' is not assignable to type 'SystemStyleObject<Theme> | CssVariableType | ((theme: Theme) => string | number | SystemStyleObject<Theme>)'.
      Type 'readonly (Right<string | number> | readonly NonNullable<Right<string | number> | undefined>[] | null | undefined)[]' is not assignable to type 'SystemStyleObject<Theme> | CssVariableType | ((theme: Theme) => string | number | SystemStyleObject<Theme>)'.
        Type 'readonly (Right<string | number> | readonly NonNullable<Right<string | number> | undefined>[] | null | undefined)[]' is not assignable to type 'CSSSelectorObjectOrCssVariables<Theme>'.
          Index signature for type 'string' is missing in type 'readonly (Right<string | number> | readonly NonNullable<Right<string | number> | undefined>[] | null | undefined)[]'.
  Overload 2 of 2, '(props: DefaultComponentProps<BoxTypeMap<{}, "div", Theme>>): Element | null', gave the following error.
    Type '(string & {}) | "-moz-initial" | "inherit" | "initial" | "revert" | "revert-layer" | "unset" | "aliceblue" | "antiquewhite" | "aqua" | "aquamarine" | "azure" | "beige" | "bisque" | ... 189 more ... | null' is not assignable to type 'SystemStyleObject<Theme> | CssVariableType | ((theme: Theme) => string | number | SystemStyleObject<Theme>)'.
      Type 'readonly (BackgroundColor | readonly string[] | null | undefined)[]' is not assignable to type 'SystemStyleObject<Theme> | CssVariableType | ((theme: Theme) => string | number | SystemStyleObject<Theme>)'.
        Type 'readonly (BackgroundColor | readonly string[] | null | undefined)[]' is not assignable to type 'CSSSelectorObjectOrCssVariables<Theme>'.
          Index signature for type 'string' is missing in type 'readonly (BackgroundColor | readonly string[] | null | undefined)[]'.
  Overload 2 of 2, '(props: DefaultComponentProps<BoxTypeMap<{}, "div", Theme>>): Element | null', gave the following error.
    Type '(string & {}) | "-moz-initial" | "inherit" | "initial" | "revert" | "revert-layer" | "unset" | "aliceblue" | "antiquewhite" | "aqua" | "aquamarine" | "azure" | "beige" | "bisque" | ... 189 more ... | null' is not assignable to type 'SystemStyleObject<Theme> | CssVariableType | ((theme: Theme) => string | number | SystemStyleObject<Theme>)'.
      Type 'readonly (readonly string[] | Color | null | undefined)[]' is not assignable to type 'SystemStyleObject<Theme> | CssVariableType | ((theme: Theme) => string | number | SystemStyleObject<Theme>)'.
        Type 'readonly (readonly string[] | Color | null | undefined)[]' is not assignable to type 'CSSSelectorObjectOrCssVariables<Theme>'.
          Index signature for type 'string' is missing in type 'readonly (readonly string[] | Color | null | undefined)[]'.
  Overload 2 of 2, '(props: DefaultComponentProps<BoxTypeMap<{}, "div", Theme>>): Element | null', gave the following error.
    Type 'string | number | readonly (Padding<string | number> | readonly NonNullable<Padding<string | number> | undefined>[] | null | undefined)[] | { [key: string]: Padding<string | number> | readonly NonNullable<...>[] | null | undefined; } | ((theme: Theme) => ResponsiveStyleValue<...>) | null' is not assignable to type 'SystemStyleObject<Theme> | CssVariableType | ((theme: Theme) => string | number | SystemStyleObject<Theme>)'.
      Type 'readonly (Padding<string | number> | readonly NonNullable<Padding<string | number> | undefined>[] | null | undefined)[]' is not assignable to type 'SystemStyleObject<Theme> | CssVariableType | ((theme: Theme) => string | number | SystemStyleObject<Theme>)'.
        Type 'readonly (Padding<string | number> | readonly NonNullable<Padding<string | number> | undefined>[] | null | undefined)[]' is not assignable to type 'CSSSelectorObjectOrCssVariables<Theme>'.
          Index signature for type 'string' is missing in type 'readonly (Padding<string | number> | readonly NonNullable<Padding<string | number> | undefined>[] | null | undefined)[]'.
  Overload 2 of 2, '(props: DefaultComponentProps<BoxTypeMap<{}, "div", Theme>>): Element | null', gave the following error.
    Type '(string & {}) | "-moz-initial" | "inherit" | "initial" | "revert" | "revert-layer" | "unset" | "none" | readonly (readonly string[] | Transform | null | undefined)[] | { [key: string]: readonly string[] | Transform | null | undefined; } | ((theme: Theme) => ResponsiveStyleValue<...>) | "rotate(-5deg)" | null' is not assignable to type 'SystemStyleObject<Theme> | CssVariableType | ((theme: Theme) => string | number | SystemStyleObject<Theme>)'.
      Type 'readonly (readonly string[] | Transform | null | undefined)[]' is not assignable to type 'SystemStyleObject<Theme> | CssVariableType | ((theme: Theme) => string | number | SystemStyleObject<Theme>)'.
        Type 'readonly (readonly string[] | Transform | null | undefined)[]' is not assignable to type 'CSSSelectorObjectOrCssVariables<Theme>'.
          Index signature for type 'string' is missing in type 'readonly (readonly string[] | Transform | null | undefined)[]'.
  Overload 2 of 2, '(props: DefaultComponentProps<BoxTypeMap<{}, "div", Theme>>): Element | null', gave the following error.
    Type 'number | (string & {}) | "-moz-initial" | "inherit" | "initial" | "revert" | "revert-layer" | "unset" | "none" | readonly (number | BoxShadow | null | undefined)[] | { [key: string]: number | BoxShadow | null | undefined; } | ((theme: Theme) => ResponsiveStyleValue<...>) | "2px 2px 5px rgba(0,0,0,0.1)" | null' is not assignable to type 'SystemStyleObject<Theme> | CssVariableType | ((theme: Theme) => string | number | SystemStyleObject<Theme>)'.
      Type 'readonly (number | BoxShadow | null | undefined)[]' is not assignable to type 'SystemStyleObject<Theme> | CssVariableType | ((theme: Theme) => string | number | SystemStyleObject<Theme>)'.
        Type 'readonly (number | BoxShadow | null | undefined)[]' is not assignable to type 'CSSSelectorObjectOrCssVariables<Theme>'.
          Index signature for type 'string' is missing in type 'readonly (number | BoxShadow | null | undefined)[]'.
src/features/events/scrapbookCard/ScrapbookCardOverlays.tsx(282,6): error TS2769: No overload matches this call.
  Overload 2 of 2, '(props: DefaultComponentProps<BoxTypeMap<{}, "div", Theme>>): Element | null', gave the following error.
    Type 'string | number | readonly (Bottom<string | number> | readonly NonNullable<Bottom<string | number> | undefined>[] | null | undefined)[] | { [key: string]: Bottom<string | number> | readonly NonNullable<...>[] | null | undefined; } | ((theme: Theme) => ResponsiveStyleValue<...>) | null' is not assignable to type 'SystemStyleObject<Theme> | CssVariableType | ((theme: Theme) => string | number | SystemStyleObject<Theme>)'.
      Type 'readonly (Bottom<string | number> | readonly NonNullable<Bottom<string | number> | undefined>[] | null | undefined)[]' is not assignable to type 'SystemStyleObject<Theme> | CssVariableType | ((theme: Theme) => string | number | SystemStyleObject<Theme>)'.
        Type 'readonly (Bottom<string | number> | readonly NonNullable<Bottom<string | number> | undefined>[] | null | undefined)[]' is not assignable to type 'CSSSelectorObjectOrCssVariables<Theme>'.
          Index signature for type 'string' is missing in type 'readonly (Bottom<string | number> | readonly NonNullable<Bottom<string | number> | undefined>[] | null | undefined)[]'.
  Overload 2 of 2, '(props: DefaultComponentProps<BoxTypeMap<{}, "div", Theme>>): Element | null', gave the following error.
    Type 'string | number | readonly (Right<string | number> | readonly NonNullable<Right<string | number> | undefined>[] | null | undefined)[] | { [key: string]: Right<string | number> | readonly NonNullable<...>[] | null | undefined; } | ((theme: Theme) => ResponsiveStyleValue<...>) | null' is not assignable to type 'SystemStyleObject<Theme> | CssVariableType | ((theme: Theme) => string | number | SystemStyleObject<Theme>)'.
      Type 'readonly (Right<string | number> | readonly NonNullable<Right<string | number> | undefined>[] | null | undefined)[]' is not assignable to type 'SystemStyleObject<Theme> | CssVariableType | ((theme: Theme) => string | number | SystemStyleObject<Theme>)'.
        Type 'readonly (Right<string | number> | readonly NonNullable<Right<string | number> | undefined>[] | null | undefined)[]' is not assignable to type 'CSSSelectorObjectOrCssVariables<Theme>'.
          Index signature for type 'string' is missing in type 'readonly (Right<string | number> | readonly NonNullable<Right<string | number> | undefined>[] | null | undefined)[]'.
  Overload 2 of 2, '(props: DefaultComponentProps<BoxTypeMap<{}, "div", Theme>>): Element | null', gave the following error.
    Type '(string & {}) | "-moz-initial" | "inherit" | "initial" | "revert" | "revert-layer" | "unset" | "aliceblue" | "antiquewhite" | "aqua" | "aquamarine" | "azure" | "beige" | "bisque" | ... 189 more ... | null' is not assignable to type 'SystemStyleObject<Theme> | CssVariableType | ((theme: Theme) => string | number | SystemStyleObject<Theme>)'.
      Type 'readonly (BackgroundColor | readonly string[] | null | undefined)[]' is not assignable to type 'SystemStyleObject<Theme> | CssVariableType | ((theme: Theme) => string | number | SystemStyleObject<Theme>)'.
        Type 'readonly (BackgroundColor | readonly string[] | null | undefined)[]' is not assignable to type 'CSSSelectorObjectOrCssVariables<Theme>'.
          Index signature for type 'string' is missing in type 'readonly (BackgroundColor | readonly string[] | null | undefined)[]'.
  Overload 2 of 2, '(props: DefaultComponentProps<BoxTypeMap<{}, "div", Theme>>): Element | null', gave the following error.
    Type '(string & {}) | "-moz-initial" | "inherit" | "initial" | "revert" | "revert-layer" | "unset" | "aliceblue" | "antiquewhite" | "aqua" | "aquamarine" | "azure" | "beige" | "bisque" | ... 189 more ... | null' is not assignable to type 'SystemStyleObject<Theme> | CssVariableType | ((theme: Theme) => string | number | SystemStyleObject<Theme>)'.
      Type 'readonly (readonly string[] | Color | null | undefined)[]' is not assignable to type 'SystemStyleObject<Theme> | CssVariableType | ((theme: Theme) => string | number | SystemStyleObject<Theme>)'.
        Type 'readonly (readonly string[] | Color | null | undefined)[]' is not assignable to type 'CSSSelectorObjectOrCssVariables<Theme>'.
          Index signature for type 'string' is missing in type 'readonly (readonly string[] | Color | null | undefined)[]'.
  Overload 2 of 2, '(props: DefaultComponentProps<BoxTypeMap<{}, "div", Theme>>): Element | null', gave the following error.
    Type 'string | number | readonly (Padding<string | number> | readonly NonNullable<Padding<string | number> | undefined>[] | null | undefined)[] | { [key: string]: Padding<string | number> | readonly NonNullable<...>[] | null | undefined; } | ((theme: Theme) => ResponsiveStyleValue<...>) | null' is not assignable to type 'SystemStyleObject<Theme> | CssVariableType | ((theme: Theme) => string | number | SystemStyleObject<Theme>)'.
      Type 'readonly (Padding<string | number> | readonly NonNullable<Padding<string | number> | undefined>[] | null | undefined)[]' is not assignable to type 'SystemStyleObject<Theme> | CssVariableType | ((theme: Theme) => string | number | SystemStyleObject<Theme>)'.
        Type 'readonly (Padding<string | number> | readonly NonNullable<Padding<string | number> | undefined>[] | null | undefined)[]' is not assignable to type 'CSSSelectorObjectOrCssVariables<Theme>'.
          Index signature for type 'string' is missing in type 'readonly (Padding<string | number> | readonly NonNullable<Padding<string | number> | undefined>[] | null | undefined)[]'.
  Overload 2 of 2, '(props: DefaultComponentProps<BoxTypeMap<{}, "div", Theme>>): Element | null', gave the following error.
    Type '(string & {}) | "-moz-initial" | "inherit" | "initial" | "revert" | "revert-layer" | "unset" | "none" | readonly (readonly string[] | Transform | null | undefined)[] | { [key: string]: readonly string[] | Transform | null | undefined; } | ((theme: Theme) => ResponsiveStyleValue<...>) | "rotate(-15deg)" | null' is not assignable to type 'SystemStyleObject<Theme> | CssVariableType | ((theme: Theme) => string | number | SystemStyleObject<Theme>)'.
      Type 'readonly (readonly string[] | Transform | null | undefined)[]' is not assignable to type 'SystemStyleObject<Theme> | CssVariableType | ((theme: Theme) => string | number | SystemStyleObject<Theme>)'.
        Type 'readonly (readonly string[] | Transform | null | undefined)[]' is not assignable to type 'CSSSelectorObjectOrCssVariables<Theme>'.
          Index signature for type 'string' is missing in type 'readonly (readonly string[] | Transform | null | undefined)[]'.
  Overload 2 of 2, '(props: DefaultComponentProps<BoxTypeMap<{}, "div", Theme>>): Element | null', gave the following error.
    Type 'number | (string & {}) | "-moz-initial" | "inherit" | "initial" | "revert" | "revert-layer" | "unset" | "none" | readonly (number | BoxShadow | null | undefined)[] | { [key: string]: number | BoxShadow | null | undefined; } | ((theme: Theme) => ResponsiveStyleValue<...>) | "2px 2px 8px rgba(0,0,0,0.15)" | null' is not assignable to type 'SystemStyleObject<Theme> | CssVariableType | ((theme: Theme) => string | number | SystemStyleObject<Theme>)'.
      Type 'readonly (number | BoxShadow | null | undefined)[]' is not assignable to type 'SystemStyleObject<Theme> | CssVariableType | ((theme: Theme) => string | number | SystemStyleObject<Theme>)'.
        Type 'readonly (number | BoxShadow | null | undefined)[]' is not assignable to type 'CSSSelectorObjectOrCssVariables<Theme>'.
          Index signature for type 'string' is missing in type 'readonly (number | BoxShadow | null | undefined)[]'.
  Overload 2 of 2, '(props: DefaultComponentProps<BoxTypeMap<{}, "div", Theme>>): Element | null', gave the following error.
    Type 'number | (string & {}) | "inset" | "hidden" | "-moz-initial" | "inherit" | "initial" | "revert" | "revert-layer" | "unset" | "aliceblue" | "antiquewhite" | "aqua" | "aquamarine" | ... 203 more ... | null' is not assignable to type 'SystemStyleObject<Theme> | CssVariableType | ((theme: Theme) => string | number | SystemStyleObject<Theme>)'.
      Type 'readonly (number | (string & {}) | "inset" | "hidden" | "-moz-initial" | "inherit" | "initial" | "revert" | "revert-layer" | "unset" | "aliceblue" | "antiquewhite" | "aqua" | "aquamarine" | ... 200 more ... | undefined)[]' is not assignable to type 'SystemStyleObject<Theme> | CssVariableType | ((theme: Theme) => string | number | SystemStyleObject<Theme>)'.
        Type 'readonly (number | (string & {}) | "inset" | "hidden" | "-moz-initial" | "inherit" | "initial" | "revert" | "revert-layer" | "unset" | "aliceblue" | "antiquewhite" | "aqua" | "aquamarine" | ... 200 more ... | undefined)[]' is not assignable to type 'CSSSelectorObjectOrCssVariables<Theme>'.
          Index signature for type 'string' is missing in type 'readonly (number | (string & {}) | "inset" | "hidden" | "-moz-initial" | "inherit" | "initial" | "revert" | "revert-layer" | "unset" | "aliceblue" | "antiquewhite" | "aqua" | "aquamarine" | ... 200 more ... | undefined)[]'.
  Overload 2 of 2, '(props: DefaultComponentProps<BoxTypeMap<{}, "div", Theme>>): Element | null', gave the following error.
    Type 'string | number | readonly (BorderRadius<string | number> | readonly NonNullable<BorderRadius<string | number> | undefined>[] | null | undefined)[] | { ...; } | ((theme: Theme) => ResponsiveStyleValue<...>) | null' is not assignable to type 'SystemStyleObject<Theme> | CssVariableType | ((theme: Theme) => string | number | SystemStyleObject<Theme>)'.
      Type 'readonly (BorderRadius<string | number> | readonly NonNullable<BorderRadius<string | number> | undefined>[] | null | undefined)[]' is not assignable to type 'SystemStyleObject<Theme> | CssVariableType | ((theme: Theme) => string | number | SystemStyleObject<Theme>)'.
        Type 'readonly (BorderRadius<string | number> | readonly NonNullable<BorderRadius<string | number> | undefined>[] | null | undefined)[]' is not assignable to type 'CSSSelectorObjectOrCssVariables<Theme>'.
          Index signature for type 'string' is missing in type 'readonly (BorderRadius<string | number> | readonly NonNullable<BorderRadius<string | number> | undefined>[] | null | undefined)[]'.
src/features/events/ScrapbookEventCard.tsx(1,15): error TS6133: 'Typography' is declared but its value is never read.
src/features/events/ScrapbookEventCard.tsx(97,41): error TS2739: Type 'ScrapbookEventData' is missing the following properties from type 'EventListItem': slug, end_time, status
src/features/events/ScrapbookEventCardLandscape.tsx(3,1): error TS6133: 'useMemo' is declared but its value is never read.
src/features/events/ScrapbookEventCardLandscape.tsx(8,1): error TS6133: 'PosterForEventCard' is declared but its value is never read.
src/features/events/ScrapbookEventCardLandscape.tsx(16,3): error TS6133: 'CategorySticker' is declared but its value is never read.
src/features/events/ScrapbookEventCardLandscape.tsx(18,3): error TS6133: 'CompletedRatedBadge' is declared but its value is never read.
src/features/events/ScrapbookEventCardLandscape.tsx(20,3): error TS6133: 'FullHouseBadge' is declared but its value is never read.
src/features/events/TicketStatusBadge.tsx(18,3): error TS6133: 'variant' is declared but its value is never read.
src/features/events/TicketStatusBadge.tsx(104,3): error TS6133: 'highlighted' is declared but its value is never read.
src/features/events/TicketStatusBadge.tsx(105,3): error TS6133: 'variant' is declared but its value is never read.
src/features/events/TicketStatusBadge.tsx(106,3): error TS6133: 'rightAligned' is declared but its value is never read.
src/features/events/TicketStatusBadge.tsx(107,3): error TS6133: 'userTicketCount' is declared but its value is never read.
src/features/events/TicketStatusBadge.tsx(108,3): error TS6133: 'sx' is declared but its value is never read.
src/features/events/TicketStatusBadge.tsx(112,9): error TS6133: 'isLarge' is declared but its value is never read.
src/features/events/utils/ticketSharing.tsx(4,1): error TS6133: 'React' is declared but its value is never read.
src/pages/auth/components/AuthSimpleLayout.tsx(2,15): error TS6133: 'Button' is declared but its value is never read.
src/pages/auth/components/AuthSimpleLayout.tsx(70,3): error TS6133: 'formEyebrow' is declared but its value is never read.
src/pages/auth/components/AuthSimpleLayout.tsx(72,3): error TS6133: 'formDescription' is declared but its value is never read.
src/pages/auth/components/AuthSimpleLayout.tsx(200,3): error TS6133: 'heroEyebrow' is declared but its value is never read.
src/pages/auth/components/AuthSimpleLayout.tsx(374,3): error TS6133: 'mode' is declared but its value is never read.
src/pages/auth/signin/LoginSimple.tsx(13,3): error TS6133: 'Typography' is declared but its value is never read.
src/pages/auth/signup/SignupSimple.tsx(3,1): error TS6133: 'HandshakeOutlinedIcon' is declared but its value is never read.
src/pages/auth/signup/SignupSimple.tsx(4,1): error TS6133: 'LocalActivityOutlinedIcon' is declared but its value is never read.
src/pages/auth/signup/SignupSimple.tsx(5,1): error TS6133: 'VolunteerActivismOutlinedIcon' is declared but its value is never read.
src/pages/auth/signup/SignupSimple.tsx(12,3): error TS6133: 'Typography' is declared but its value is never read.
src/pages/calendar/CalendarPage.tsx(4,1): error TS6133: 'Link' is declared but its value is never read.
src/pages/dashboard/DashboardPage.tsx(24,7): error TS6133: 'dashboardNavItems' is declared but its value is never read.
src/pages/dashboard/tabs/MyServicesTab.tsx(57,26): error TS6133: 'setOpenServiceIds' is declared but its value is never read.
src/pages/dashboard/tabs/TicketsTab.tsx(1,10): error TS6133: 'Calendar' is declared but its value is never read.
src/pages/dashboard/tabs/TicketsTab.tsx(1,20): error TS6133: 'MapPin' is declared but its value is never read.
src/pages/dashboard/tabs/TicketsTab.tsx(6,1): error TS6133: 'Media' is declared but its value is never read.
src/pages/events/AddNeedOverlay.tsx(10,5): error TS6133: 'CircularProgress' is declared but its value is never read.
src/pages/events/AddNeedOverlay.tsx(11,5): error TS6133: 'Container' is declared but its value is never read.
src/pages/events/AddNeedOverlay.tsx(12,5): error TS6133: 'LinearProgress' is declared but its value is never read.
src/pages/events/AddNeedOverlay.tsx(15,5): error TS6133: 'Tab' is declared but its value is never read.
src/pages/events/AddNeedOverlay.tsx(16,5): error TS6133: 'Tabs' is declared but its value is never read.
src/pages/events/AddNeedOverlay.tsx(20,21): error TS6133: 'Check' is declared but its value is never read.
src/pages/events/AddNeedOverlay.tsx(20,28): error TS6133: 'MessageCircle' is declared but its value is never read.
src/pages/events/AddNeedOverlay.tsx(20,43): error TS6133: 'Plus' is declared but its value is never read.
src/pages/events/AddNeedOverlay.tsx(20,49): error TS6133: 'Search' is declared but its value is never read.
src/pages/events/AddNeedOverlay.tsx(21,26): error TS6133: 'useEffect' is declared but its value is never read.
src/pages/events/AddNeedOverlay.tsx(33,15): error TS6133: 'EventFeature' is declared but its value is never read.
src/pages/events/AddNeedOverlay.tsx(54,5): error TS6133: 'title' is declared but its value is never read.
src/pages/events/AddNeedOverlay.tsx(135,5): error TS6133: 'initialBudgetHint' is declared but its value is never read.
src/pages/events/AddNeedOverlay.tsx(138,5): error TS6133: 'isSaving' is declared but its value is never read.
src/pages/events/AddNeedOverlay.tsx(164,12): error TS6133: 'selectedCompStyles' is declared but its value is never read.
src/pages/events/AddNeedOverlay.tsx(168,11): error TS6133: 'activeCategory' is declared but its value is never read.
src/pages/events/AddNeedOverlay.tsx(169,11): error TS6133: 'activeCategoryLabel' is declared but its value is never read.
src/pages/events/AddNeedOverlay.tsx(178,11): error TS6133: 'previewDescription' is declared but its value is never read.
src/pages/events/AddNeedOverlay.tsx(210,11): error TS6133: 'handleToggleCompStyle' is declared but its value is never read.
src/pages/events/AddNeedOverlay.tsx(604,7): error TS6133: 'compensationDesignOptions' is declared but its value is never read.
src/pages/events/AddNeedOverlay.tsx(1056,22): error TS2304: Cannot find name 'EditableFeature'.
src/pages/events/AddNeedOverlay.tsx(1058,24): error TS2304: Cannot find name 'EditableFeature'.
src/pages/events/AddNeedOverlay.tsx(1060,46): error TS2304: Cannot find name 'EditableFeature'.
src/pages/events/AddNeedOverlay.tsx(1243,19): error TS2304: Cannot find name 'EditableTicketTier'.
src/pages/events/AddNeedOverlay.tsx(1245,50): error TS2304: Cannot find name 'EditableTicketTier'.
src/pages/events/AddNeedOverlay.tsx(1248,40): error TS2304: Cannot find name 'EditableTicketTier'.
src/pages/events/components/CuteTimer.tsx(2,8): error TS6133: 'React' is declared but its value is never read.
src/pages/events/components/DetailsSection.tsx(1,1): error TS6192: All imports in import declaration are unused.
src/pages/events/components/DetailsSection.tsx(3,1): error TS6133: 'CheckInMemo' is declared but its value is never read.
src/pages/events/components/DetailsSection.tsx(4,1): error TS6133: 'Media' is declared but its value is never read.
src/pages/events/components/DetailsSection.tsx(6,1): error TS6133: 'WashiTape' is declared but its value is never read.
src/pages/events/components/DetailsSection.tsx(42,3): error TS6133: 'isHost' is declared but its value is never read.
src/pages/events/components/DetailsSection.tsx(43,3): error TS6133: 'displayNeeds' is declared but its value is never read.
src/pages/events/components/DetailsSection.tsx(93,9): error TS6133: 'allChips' is declared but its value is never read.
src/pages/events/components/HeroNegativeStripGallery.tsx(1,15): error TS6133: 'Chip' is declared but its value is never read.
src/pages/events/components/HeroNegativeStripGallery.tsx(1,21): error TS6133: 'Collapse' is declared but its value is never read.
src/pages/events/components/HeroNegativeStripGallery.tsx(1,31): error TS6133: 'Grid' is declared but its value is never read.
src/pages/events/components/HeroNegativeStripGallery.tsx(1,37): error TS6133: 'Paper' is declared but its value is never read.
src/pages/events/components/HeroNegativeStripGallery.tsx(2,1): error TS6192: All imports in import declaration are unused.
src/pages/events/components/HeroNegativeStripGallery.tsx(3,10): error TS6133: 'useEffect' is declared but its value is never read.
src/pages/events/components/HeroNegativeStripGallery.tsx(3,30): error TS6133: 'useState' is declared but its value is never read.
src/pages/events/components/HeroNegativeStripGallery.tsx(5,1): error TS6133: 'EventLocationMap' is declared but its value is never read.
src/pages/events/components/HeroNegativeStripGallery.tsx(6,1): error TS6133: 'HostCard' is declared but its value is never read.
src/pages/events/components/HeroNegativeStripGallery.tsx(10,1): error TS6192: All imports in import declaration are unused.
src/pages/events/components/HeroSideDetailsPanel.tsx(2,10): error TS6133: 'Clock3' is declared but its value is never read.
src/pages/events/components/HeroSideDetailsPanel.tsx(22,7): error TS6133: 'WEEKDAY_LABELS' is declared but its value is never read.
src/pages/events/components/HeroSideDetailsPanel.tsx(120,10): error TS6133: 'userLocationLabel' is declared but its value is never read.
src/pages/events/components/HostBusinessCard.tsx(1,25): error TS6133: 'MuiButton' is declared but its value is never read.
src/pages/events/components/HostBusinessCard.tsx(1,36): error TS6133: 'Paper' is declared but its value is never read.
src/pages/events/components/HostBusinessCard.tsx(2,1): error TS6133: 'useNavigate' is declared but its value is never read.
src/pages/events/components/HostBusinessCard.tsx(5,1): error TS6133: 'VendorBusinessCard' is declared but its value is never read.
src/pages/events/components/manage-redesign/BasicDetailsForm.tsx(24,3): error TS6133: 'event' is declared but its value is never read.
src/pages/events/components/manage-redesign/EventReadinessStep.tsx(1,24): error TS6133: 'ClipboardList' is declared but its value is never read.
src/pages/events/components/manage-redesign/EventReadinessStep.tsx(2,1): error TS6192: All imports in import declaration are unused.
src/pages/events/components/manage-redesign/EventReadinessStep.tsx(5,39): error TS2305: Module '"@/features/events/hooks"' has no exported member 'useUpdateEvent'.
src/pages/events/components/manage-redesign/EventReadinessStep.tsx(5,39): error TS6133: 'useUpdateEvent' is declared but its value is never read.
src/pages/events/components/manage-redesign/NeedAgreements.tsx(1,1): error TS6133: 'React' is declared but its value is never read.
src/pages/events/components/manage-redesign/NeedAgreements.tsx(12,34): error TS6133: 'need' is declared but its value is never read.
src/pages/events/components/manage-redesign/PublishStep.tsx(2,1): error TS6133: 'React' is declared but its value is never read.
src/pages/events/components/manage-redesign/RecurringForm.tsx(4,1): error TS6133: 'Button' is declared but its value is never read.
src/pages/events/components/manage-redesign/SeriesTimeline.tsx(74,15): error TS6133: 'targetSlug' is declared but its value is never read.
src/pages/events/components/manage-redesign/ServicesPrepStep.tsx(7,3): error TS6133: 'MessageSquare' is declared but its value is never read.
src/pages/events/components/manage-redesign/ServicesPrepStep.tsx(381,31): error TS2367: This comparison appears to be unintentional because the types '"filled" | "cancelled" | "override_filled"' and '"pending"' have no overlap.
src/pages/events/components/manage-redesign/ServicesPrepStep.tsx(681,57): error TS2367: This comparison appears to be unintentional because the types '"cancelled" | "override_filled"' and '"pending"' have no overlap.
src/pages/events/components/manage-redesign/WhenAndWhereQuickForm.tsx(1,10): error TS6133: 'ChevronDown' is declared but its value is never read.
src/pages/events/components/manage-redesign/WhenAndWhereQuickForm.tsx(1,23): error TS6133: 'ChevronUp' is declared but its value is never read.
src/pages/events/components/manage-redesign/WhenAndWhereQuickForm.tsx(4,10): error TS6133: 'RecurringForm' is declared but its value is never read.
src/pages/events/components/manage-redesign/WhenAndWhereQuickForm.tsx(181,13): error TS2783: 'setOnlineUrl' is specified more than once, so this usage will be overwritten.
src/pages/events/components/manage-redesign/WhenAndWhereQuickForm.tsx(181,13): error TS2552: Cannot find name 'setOnlineUrl'. Did you mean 'onlineUrl'?
src/pages/events/components/manage-redesign/WhenAndWhereQuickForm.tsx(185,13): error TS2783: 'dateToLocalValue' is specified more than once, so this usage will be overwritten.
src/pages/events/components/manage-redesign/WhenAndWhereQuickForm.tsx(185,13): error TS18004: No value exists in scope for the shorthand property 'dateToLocalValue'. Either declare one or provide an initializer.
src/pages/events/components/manage-redesign/WhenAndWhereQuickForm.tsx(186,13): error TS2783: 'eventDuration' is specified more than once, so this usage will be overwritten.
src/pages/events/components/manage-redesign/WhenAndWhereQuickForm.tsx(186,13): error TS2552: Cannot find name 'eventDuration'. Did you mean 'setEventDuration'?
src/pages/events/components/manage-redesign/WrapUpStep.tsx(1,36): error TS6133: 'XCircle' is declared but its value is never read.
src/pages/events/components/manage-redesign/WrapUpStep.tsx(2,1): error TS6133: 'React' is declared but its value is never read.
src/pages/events/components/manage-redesign/WrapUpStep.tsx(18,9): error TS6133: 'isCancelled' is declared but its value is never read.
src/pages/events/components/manage-vendor/ApplicationDetailsList.tsx(1,18): error TS6133: 'Chip' is declared but its value is never read.
src/pages/events/components/manage-vendor/VendorAgreement.tsx(17,3): error TS6133: 'vendorName' is declared but its value is never read.
src/pages/events/components/manage-vendor/VendorAgreement.tsx(54,9): error TS6133: 'getStatusMessage' is declared but its value is never read.
src/pages/events/components/MiniBusinessCard.tsx(1,33): error TS6133: 'MuiButton' is declared but its value is never read.
src/pages/events/components/MiniBusinessCard.tsx(1,44): error TS6133: 'Paper' is declared but its value is never read.
src/pages/events/components/MiniBusinessCard.tsx(3,1): error TS6133: 'useNavigate' is declared but its value is never read.
src/pages/events/components/MiniBusinessCard.tsx(5,1): error TS6133: 'Media' is declared but its value is never read.
src/pages/events/components/MiniBusinessCard.tsx(6,1): error TS6133: 'VendorBusinessCard' is declared but its value is never read.
src/pages/events/components/PolaroidFrame.tsx(8,7): error TS6133: 'PhotoClip' is declared but its value is never read.
src/pages/events/components/PolaroidFrame.tsx(41,3): error TS6133: 'showClip' is declared but its value is never read.
src/pages/events/components/PolaroidFrame.tsx(42,3): error TS6133: 'isFocused' is declared but its value is never read.
src/pages/events/components/PosterForEventCard.tsx(1,15): error TS6133: 'Typography' is declared but its value is never read.
src/pages/events/components/PosterForEventCard.tsx(2,1): error TS6133: 'zIndex' is declared but its value is never read.
src/pages/events/components/PosterForEventCard.tsx(4,7): error TS6133: 'SCRAPBOOK_BORDER' is declared but its value is never read.
src/pages/events/components/PosterForTheEventImageCollage.tsx(1,15): error TS6133: 'Typography' is declared but its value is never read.
src/pages/events/components/PosterForTheEventImageCollage.tsx(2,1): error TS6133: 'zIndex' is declared but its value is never read.
src/pages/events/components/PosterForTheEventImageCollage.tsx(4,7): error TS6133: 'SCRAPBOOK_BORDER' is declared but its value is never read.
src/pages/events/components/PurchasedTicketStack.tsx(1,25): error TS6133: 'MuiButton' is declared but its value is never read.
src/pages/events/components/ReviewCommentDrawer.tsx(133,9): error TS6133: 'isAuthenticated' is declared but its value is never read.
src/pages/events/components/StatusBannerSection.tsx(2,10): error TS6133: 'ArrowLeft' is declared but its value is never read.
src/pages/events/components/StatusBannerSection.tsx(8,1): error TS6133: 'WhenWhereCard' is declared but its value is never read.
src/pages/events/components/StatusBannerSection.tsx(12,3): error TS6133: 'isHost' is declared but its value is never read.
src/pages/events/components/TicketsSection.tsx(7,44): error TS6133: 'WashiTape' is declared but its value is never read.
src/pages/events/components/TinyHostCard.tsx(1,21): error TS6133: 'Collapse' is declared but its value is never read.
src/pages/events/components/TinyHostCard.tsx(1,31): error TS6133: 'Grid' is declared but its value is never read.
src/pages/events/components/TinyHostCard.tsx(1,37): error TS6133: 'Paper' is declared but its value is never read.
src/pages/events/components/TinyHostCard.tsx(2,1): error TS6192: All imports in import declaration are unused.
src/pages/events/components/TinyHostCard.tsx(3,10): error TS6133: 'useEffect' is declared but its value is never read.
src/pages/events/components/TinyHostCard.tsx(3,21): error TS6133: 'useMemo' is declared but its value is never read.
src/pages/events/components/TinyHostCard.tsx(5,1): error TS6133: 'EventLocationMap' is declared but its value is never read.
src/pages/events/components/TinyHostCard.tsx(6,1): error TS6133: 'HostCard' is declared but its value is never read.
src/pages/events/components/TinyHostCard.tsx(8,1): error TS6133: 'CATEGORY_THEMES' is declared but its value is never read.
src/pages/events/components/TinyHostCard.tsx(11,1): error TS6192: All imports in import declaration are unused.
src/pages/events/components/TinyHostCard.tsx(17,3): error TS6133: 'rating' is declared but its value is never read.
src/pages/events/components/TinyHostCard.tsx(18,3): error TS6133: 'tag' is declared but its value is never read.
src/pages/events/components/WhenWhereCard.tsx(1,15): error TS6133: 'Chip' is declared but its value is never read.
src/pages/events/components/WhenWhereCard.tsx(1,31): error TS6133: 'Grid' is declared but its value is never read.
src/pages/events/components/WhenWhereCard.tsx(1,37): error TS6133: 'Paper' is declared but its value is never read.
src/pages/events/components/WhenWhereCard.tsx(2,20): error TS6133: 'ChevronDown' is declared but its value is never read.
src/pages/events/components/WhenWhereCard.tsx(6,1): error TS6133: 'HostCard' is declared but its value is never read.
src/pages/events/components/WhenWhereCard.tsx(7,1): error TS6133: 'Media' is declared but its value is never read.
src/pages/events/components/WhenWhereCard.tsx(8,1): error TS6133: 'CATEGORY_THEMES' is declared but its value is never read.
src/pages/events/components/WhenWhereCard.tsx(10,1): error TS6192: All imports in import declaration are unused.
src/pages/events/event-detail-v2/modules/context.tsx(3,39): error TS6196: 'ThemeVariant' is declared but never used.
src/pages/events/event-detail-v2/modules/variants/comic/CalendarMapModule.tsx(6,40): error TS6198: All destructured elements are unused.
src/pages/events/event-detail-v2/modules/variants/comic/CoverPhotoModule.tsx(1,10): error TS2305: Module '"@/pages/events/components/DetailsSection"' has no exported member 'CoverPhotoModule'.
src/pages/events/event-detail-v2/modules/variants/comic/DescriptionModule.tsx(5,40): error TS6133: 'event' is declared but its value is never read.
src/pages/events/event-detail-v2/modules/variants/comic/ReviewsModule.tsx(23,29): error TS6133: 'review' is declared but its value is never read.
src/pages/events/event-detail-v2/modules/variants/comic/SaveTheDateModule.tsx(17,9): error TS6133: 'handleClick' is declared but its value is never read.
src/pages/events/event-detail-v2/modules/variants/comic/TicketsModule.tsx(20,3): error TS6133: 'handleBuyMultiple' is declared but its value is never read.
src/pages/events/event-detail-v2/modules/variants/comic/TicketsModule.tsx(31,7): error TS2322: Type '{ event: any; purchaseTicket: UseMutationResult<any, any, any, any>; handleBuyTicket: (tierId: number, quantity: number) => void; handleOneClickBuy: (tierId: number, quantity: number) => void; clearTicketformTrigger: number; onViewTicket: (ticketId: number) => void; }' is not assignable to type 'IntrinsicAttributes & { event: any; purchaseTicket: any; handleBuyTicket: (tierId: number, quantity: number) => void; handleOneClickBuy: (tierId: number, quantity: number) => void; clearTicketformTrigger?: number | undefined; }'.
  Property 'onViewTicket' does not exist on type 'IntrinsicAttributes & { event: any; purchaseTicket: any; handleBuyTicket: (tierId: number, quantity: number) => void; handleOneClickBuy: (tierId: number, quantity: number) => void; clearTicketformTrigger?: number | undefined; }'.
src/pages/events/event-detail-v2/modules/variants/comic/TitleModule.tsx(6,34): error TS6198: All destructured elements are unused.
src/pages/events/event-detail-v2/modules/variants/normal/ChatModule.tsx(226,23): error TS2322: Type '{ src: any; username: any; size: "xs"; sx: { width: number; height: number; bgcolor: string; color: string; }; }' is not assignable to type 'IntrinsicAttributes & UserAvatarProps'.
  Property 'sx' does not exist on type 'IntrinsicAttributes & UserAvatarProps'.
src/pages/events/event-detail-v2/modules/variants/normal/ChipsModule.tsx(1,21): error TS6133: 'Typography' is declared but its value is never read.
src/pages/events/event-detail-v2/modules/variants/normal/CoverPhotoModule.tsx(1,22): error TS6133: 'Typography' is declared but its value is never read.
src/pages/events/event-detail-v2/modules/variants/normal/Divider.tsx(1,15): error TS6133: 'Typography' is declared but its value is never read.
src/pages/events/event-detail-v2/modules/variants/normal/GoersModule.tsx(105,23): error TS2322: Type '{ src: any; username: any; size: "md"; sx: { width: number; height: number; bgcolor: string; color: string; fontSize: number; fontWeight: number; }; }' is not assignable to type 'IntrinsicAttributes & UserAvatarProps'.
  Property 'sx' does not exist on type 'IntrinsicAttributes & UserAvatarProps'.
src/pages/events/event-detail-v2/modules/variants/normal/GoersModule.tsx(253,21): error TS2769: No overload matches this call.
  Overload 1 of 2, '(props: { component: ElementType<any, keyof IntrinsicElements>; } & TypographyOwnProps & CommonProps & Omit<any, "p" | ... 112 more ... | "variantMapping">): Element | null', gave the following error.
    Type '{ fontWeight: number; fontSize: string; color: "#111827"; noWrap: true; }' is not assignable to type 'SxProps<Theme> | undefined'.
      Types of property 'noWrap' are incompatible.
        Type 'true' is not assignable to type 'SystemStyleObject<Theme> | CssVariableType | ((theme: Theme) => string | number | SystemStyleObject<Theme>) | undefined'.
  Overload 2 of 2, '(props: DefaultComponentProps<TypographyTypeMap<{}, "span">>): Element | null', gave the following error.
    Type '{ fontWeight: number; fontSize: string; color: "#111827"; noWrap: true; }' is not assignable to type 'SxProps<Theme> | undefined'.
      Types of property 'noWrap' are incompatible.
        Type 'true' is not assignable to type 'SystemStyleObject<Theme> | CssVariableType | ((theme: Theme) => string | number | SystemStyleObject<Theme>) | undefined'.
src/pages/events/event-detail-v2/modules/variants/normal/GoersModule.tsx(263,21): error TS2769: No overload matches this call.
  Overload 1 of 2, '(props: { component: ElementType<any, keyof IntrinsicElements>; } & TypographyOwnProps & CommonProps & Omit<any, "p" | ... 112 more ... | "variantMapping">): Element | null', gave the following error.
    Type '{ fontSize: string; color: "#6b7280"; noWrap: true; }' is not assignable to type 'SxProps<Theme> | undefined'.
      Types of property 'noWrap' are incompatible.
        Type 'true' is not assignable to type 'SystemStyleObject<Theme> | CssVariableType | ((theme: Theme) => string | number | SystemStyleObject<Theme>) | undefined'.
  Overload 2 of 2, '(props: DefaultComponentProps<TypographyTypeMap<{}, "span">>): Element | null', gave the following error.
    Type '{ fontSize: string; color: "#6b7280"; noWrap: true; }' is not assignable to type 'SxProps<Theme> | undefined'.
      Types of property 'noWrap' are incompatible.
        Type 'true' is not assignable to type 'SystemStyleObject<Theme> | CssVariableType | ((theme: Theme) => string | number | SystemStyleObject<Theme>) | undefined'.
src/pages/events/event-detail-v2/modules/variants/normal/HighlightsModule.tsx(6,7): error TS6133: 'HIGHLIGHT_ICONS' is declared but its value is never read.
src/pages/events/event-detail-v2/modules/variants/normal/HighlightsModule.tsx(29,3): error TS6133: 'event' is declared but its value is never read.
src/pages/events/event-detail-v2/modules/variants/normal/NavigationModule.tsx(15,3): error TS6133: 'isAuthenticated' is declared but its value is never read.
src/pages/events/event-detail-v2/modules/variants/normal/PurchasedTicketsModule.tsx(61,19): error TS6133: 'tier' is declared but its value is never read.
src/pages/events/event-detail-v2/modules/variants/normal/SaveTheDateModule.tsx(1,10): error TS6133: 'Box' is declared but its value is never read.
src/pages/events/event-detail-v2/modules/variants/normal/SaveTheDateModule.tsx(1,30): error TS6133: 'Typography' is declared but its value is never read.
src/pages/events/event-detail-v2/modules/variants/normal/SaveTheDateModule.tsx(11,3): error TS6133: 'isAuthenticated' is declared but its value is never read.
src/pages/events/event-detail-v2/modules/variants/normal/SaveToggleModule.tsx(13,3): error TS6133: 'event' is declared but its value is never read.
src/pages/events/event-detail-v2/modules/variants/normal/StatusModule.tsx(31,9): error TS6133: 'spotsLeft' is declared but its value is never read.
src/pages/events/event-detail-v2/modules/variants/normal/StickyFooterModule.tsx(1,15): error TS6133: 'Typography' is declared but its value is never read.
src/pages/events/event-detail-v2/modules/variants/normal/StickyFooterModule.tsx(25,9): error TS6133: 'priceDisplay' is declared but its value is never read.
src/pages/events/event-detail-v2/modules/variants/normal/TicketsModule.tsx(98,37): error TS6133: 'className' is declared but its value is never read.
src/pages/events/ManageForVendorPage.tsx(1,8): error TS6133: 'React' is declared but its value is never read.
src/pages/events/PlanningWorkspacePage.tsx(5,3): error TS6133: 'Checkbox' is declared but its value is never read.
src/pages/events/PlanningWorkspacePage.tsx(10,3): error TS6133: 'MenuItem' is declared but its value is never read.
src/pages/events/PlanningWorkspacePage.tsx(14,3): error TS6133: 'TextField' is declared but its value is never read.
src/pages/events/PlanningWorkspacePage.tsx(28,1): error TS6192: All imports in import declaration are unused.
src/pages/events/PlanningWorkspacePage.tsx(47,95): error TS6133: 'ReviewApplicantsOverlay' is declared but its value is never read.
src/pages/events/PlanningWorkspacePage.tsx(163,3): error TS6133: 'title' is declared but its value is never read.
src/pages/events/PlanningWorkspacePage.tsx(419,10): error TS6133: 'isBrowseVendorsOpen' is declared but its value is never read.
src/pages/events/PlanningWorkspacePage.tsx(683,47): error TS2339: Property 'cover_letter' does not exist on type 'NeedApplication'.
src/pages/events/PlanningWorkspacePage.tsx(1274,9): error TS6133: 'activeProgressIndex' is declared but its value is never read.
src/pages/events/PlanningWorkspacePage.tsx(1323,9): error TS6133: 'reviewingNeed' is declared but its value is never read.
src/pages/home/HomePage.tsx(8,1): error TS6133: 'LightThemeConferencePoster' is declared but its value is never read.
src/pages/home/sections/IconicHostsSection.tsx(9,17): error TS6133: 'isLoading' is declared but its value is never read.
src/pages/home/sections/MakeYourEventHappenSection.tsx(11,42): error TS6133: 'requestsLoading' is declared but its value is never read.
src/pages/home/sections/MakeYourEventHappenSection.tsx(18,42): error TS6133: 'servicesLoading' is declared but its value is never read.
src/pages/home/sections/RenewedSections.tsx(2,23): error TS6133: 'MapPin' is declared but its value is never read.
src/pages/managing/useManaging.tsx(5,3): error TS6133: 'CircularProgress' is declared but its value is never read.
src/pages/managing/useManaging.tsx(7,3): error TS6133: 'Container' is declared but its value is never read.
src/pages/managing/useManaging.tsx(11,1): error TS6192: All imports in import declaration are unused.
src/pages/managing/useManaging.tsx(15,3): error TS6133: 'ChevronLeft' is declared but its value is never read.
src/pages/managing/useManaging.tsx(16,3): error TS6133: 'ChevronRight' is declared but its value is never read.
src/pages/managing/useManaging.tsx(23,3): error TS6133: 'Receipt' is declared but its value is never read.
src/pages/managing/useManaging.tsx(25,3): error TS6133: 'Wallet' is declared but its value is never read.
src/pages/managing/useManaging.tsx(27,26): error TS6133: 'useMemo' is declared but its value is never read.
src/pages/managing/useManaging.tsx(28,16): error TS6133: 'useNavigate' is declared but its value is never read.
src/pages/managing/useManaging.tsx(28,29): error TS6133: 'useParams' is declared but its value is never read.
src/pages/managing/useManaging.tsx(32,1): error TS6133: 'useAuth' is declared but its value is never read.
src/pages/managing/useManaging.tsx(35,3): error TS6133: 'getChecklistFocusItem' is declared but its value is never read.
src/pages/managing/useManaging.tsx(39,3): error TS6133: 'CompletedRatedBadge' is declared but its value is never read.
src/pages/managing/useManaging.tsx(43,1): error TS6133: 'fetchEventNeeds' is declared but its value is never read.
src/pages/managing/useManaging.tsx(44,1): error TS6133: 'useMyApplications' is declared but its value is never read.
src/pages/managing/useManaging.tsx(45,1): error TS6133: 'useMyServices' is declared but its value is never read.
src/pages/managing/useManaging.tsx(175,16): error TS6133: 'fetchEventOverview' is declared but its value is never read.
src/pages/managing/useManaging.tsx(180,3): error TS2304: Cannot find name 'ManagingKind'.
src/pages/managing/useManaging.tsx(250,48): error TS2339: Property 'category' does not exist on type '{}'.
src/pages/managing/useManaging.tsx(285,16): error TS2339: Property 'cover_image' does not exist on type '{}'.
src/pages/managing/useManaging.tsx(288,24): error TS2339: Property 'cover_image' does not exist on type '{}'.
src/pages/managing/useManaging.tsx(289,24): error TS2339: Property 'title' does not exist on type '{}'.
src/pages/managing/useManaging.tsx(336,20): error TS2339: Property 'category' does not exist on type '{}'.
src/pages/managing/useManaging.tsx(362,18): error TS2339: Property 'title' does not exist on type '{}'.
src/pages/managing/useManaging.tsx(376,17): error TS2339: Property 'subtitle' does not exist on type 'ManagingItem'.
src/pages/managing/useManaging.tsx(429,38): error TS2339: Property 'start_time' does not exist on type '{}'.
src/pages/managing/useManaging.tsx(429,71): error TS2339: Property 'start_time' does not exist on type '{}'.
src/pages/managing/useManaging.tsx(453,22): error TS2339: Property 'location_name' does not exist on type '{}'.
src/pages/managing/useManaging.tsx(486,38): error TS2339: Property 'id' does not exist on type '{}'.
src/pages/managing/useManaging.tsx(508,14): error TS2769: No overload matches this call.
  Overload 1 of 2, '(props: { component: ForwardRefExoticComponent<LinkProps & RefAttributes<HTMLAnchorElement>>; } & BoxOwnProps<...> & Omit<...>): Element | null', gave the following error.
    Type '(event: MouseEvent<HTMLDivElement, MouseEvent>) => void' is not assignable to type 'MouseEventHandler<HTMLAnchorElement>'.
      Types of parameters 'event' and 'event' are incompatible.
        Type 'MouseEvent<HTMLAnchorElement, MouseEvent>' is not assignable to type 'MouseEvent<HTMLDivElement, MouseEvent>'.
          Property 'align' is missing in type 'HTMLAnchorElement' but required in type 'HTMLDivElement'.
  Overload 2 of 2, '(props: DefaultComponentProps<BoxTypeMap<{}, "div", Theme>>): Element | null', gave the following error.
    Type '{ children: string; component: ForwardRefExoticComponent<LinkProps & RefAttributes<HTMLAnchorElement>>; to: any; onClick: (event: MouseEvent<...>) => void; sx: { ...; }; }' is not assignable to type 'IntrinsicAttributes & BoxOwnProps<Theme> & Omit<Omit<DetailedHTMLProps<HTMLAttributes<HTMLDivElement>, HTMLDivElement>, "ref"> & { ...; }, keyof BoxOwnProps<...>>'.
      Property 'component' does not exist on type 'IntrinsicAttributes & BoxOwnProps<Theme> & Omit<Omit<DetailedHTMLProps<HTMLAttributes<HTMLDivElement>, HTMLDivElement>, "ref"> & { ...; }, keyof BoxOwnProps<...>>'.
src/pages/managing/useManaging.tsx(510,24): error TS2339: Property 'route' does not exist on type 'ManagingItem'.
src/pages/managing/useManaging.tsx(545,54): error TS2339: Property 'category' does not exist on type '{}'.
src/pages/managing/useManaging.tsx(547,31): error TS2339: Property 'id' does not exist on type '{}'.
src/pages/managing/useManaging.tsx(619,26): error TS2339: Property 'category' does not exist on type '{}'.
src/pages/managing/useManaging.tsx(648,17): error TS2339: Property 'title' does not exist on type 'ManagingItem'.
src/pages/managing/useManaging.tsx(662,17): error TS2339: Property 'location' does not exist on type 'ManagingItem'.
src/pages/managing/useManaging.tsx(805,36): error TS2339: Property 'route' does not exist on type 'ManagingItem'.
src/pages/managing/useManaging.tsx(853,42): error TS2339: Property 'title' does not exist on type 'ManagingItem'.
src/pages/managing/useManaging.tsx(942,56): error TS2304: Cannot find name 'EarningsItem'.
src/pages/managing/useManaging.tsx(946,16): error TS2339: Property 'lifecycle_state' does not exist on type '{}'.
src/pages/managing/useManaging.tsx(947,16): error TS2339: Property 'lifecycle_state' does not exist on type '{}'.
src/pages/managing/useManaging.tsx(952,35): error TS2339: Property 'ticket_tiers' does not exist on type '{}'.
src/pages/managing/useManaging.tsx(953,11): error TS7006: Parameter 'tier' implicitly has an 'any' type.
src/pages/managing/useManaging.tsx(962,14): error TS7006: Parameter 'line' implicitly has an 'any' type.
src/pages/managing/useManaging.tsx(964,46): error TS2345: Argument of type '{}' is not assignable to parameter of type 'EventDetail'.
  Type '{}' is missing the following properties from type 'EventDetail': description, location_address, event_ready_message, check_in_instructions, and 25 more.
src/pages/managing/useManaging.tsx(965,42): error TS2345: Argument of type '{}' is not assignable to parameter of type 'EventDetail'.
  Type '{}' is missing the following properties from type 'EventDetail': description, location_address, event_ready_message, check_in_instructions, and 25 more.
src/pages/managing/useManaging.tsx(967,45): error TS7006: Parameter 'sum' implicitly has an 'any' type.
src/pages/managing/useManaging.tsx(967,50): error TS7006: Parameter 'line' implicitly has an 'any' type.
src/pages/managing/useManaging.tsx(970,15): error TS2304: Cannot find name 'EarningsRole'.
src/pages/managing/useManaging.tsx(975,17): error TS2339: Property 'route' does not exist on type 'ManagingItem'.
src/pages/managing/useManaging.tsx(978,17): error TS2339: Property 'title' does not exist on type 'ManagingItem'.
src/pages/managing/useManaging.tsx(979,20): error TS2339: Property 'location' does not exist on type 'ManagingItem'.
src/pages/managing/useManaging.tsx(981,24): error TS2339: Property 'lifecycle_state' does not exist on type '{}'.
src/pages/managing/useManaging.tsx(1073,10): error TS2304: Cannot find name 'EarningsLineItem'.
src/pages/managing/useManaging.tsx(1145,9): error TS2304: Cannot find name 'EarningsItem'.
src/pages/managing/useManaging.tsx(1417,12): error TS2304: Cannot find name 'ServiceWithApplications'.
src/pages/managing/useManaging.tsx(1422,6): error TS7006: Parameter 'application' implicitly has an 'any' type.
src/pages/managing/useManaging.tsx(1425,6): error TS7006: Parameter 'application' implicitly has an 'any' type.
src/pages/managing/useManaging.tsx(1724,44): error TS7006: Parameter 'application' implicitly has an 'any' type.
src/pages/managing/useManaging.tsx(1742,16): error TS2304: Cannot find name 'ServiceApplicationItem'.
src/pages/managing/useManaging.tsx(1748,23): error TS7053: Element implicitly has an 'any' type because expression of type 'any' can't be used to index type 'Record<"pending" | "accepted" | "rejected" | "withdrawn", { label: string; bg: string; color: string; border?: string | undefined; }>'.
src/pages/network/components/NetworkHeroSection.tsx(1,10): error TS6133: 'Avatar' is declared but its value is never read.
src/pages/network/components/NetworkHeroSection.tsx(1,31): error TS6133: 'Chip' is declared but its value is never read.
src/pages/network/components/NetworkHeroSection.tsx(2,30): error TS6133: 'Users' is declared but its value is never read.
src/pages/network/components/NetworkHeroSection.tsx(5,1): error TS6133: 'HeroStat' is declared but its value is never read.
src/pages/network/components/NetworkHeroSection.tsx(8,3): error TS6133: 'activeBuddies' is declared but its value is never read.
src/pages/network/components/NetworkHeroSection.tsx(9,3): error TS6133: 'buddyCount' is declared but its value is never read.
src/pages/network/components/NetworkHeroSection.tsx(10,3): error TS6133: 'heroMoments' is declared but its value is never read.
src/pages/network/components/NetworkHeroSection.tsx(11,3): error TS6133: 'isAuthenticated' is declared but its value is never read.
src/pages/network/components/NetworkHeroSection.tsx(12,3): error TS6133: 'stats' is declared but its value is never read.
src/pages/profile/UserProfilePage.tsx(18,3): error TS6133: 'ArrowLeft' is declared but its value is never read.
src/pages/search/components/SearchCards.event.tsx(84,54): error TS2339: Property 'need' does not exist on type 'NeedApplication'.
src/pages/search/components/SearchCards.event.tsx(171,13): error TS2322: Type 'string | null | undefined' is not assignable to type 'number | null | undefined'.
  Type 'string' is not assignable to type 'number'.
src/pages/search/components/SearchToolbar.tsx(178,3): error TS6133: 'stickyTop' is declared but its value is never read.
src/pages/search/components/SimpleNavbar.tsx(77,9): error TS6133: 'hasHostedEvents' is declared but its value is never read.
src/pages/search/components/SimpleNavbar.tsx(78,9): error TS6133: 'hasServices' is declared but its value is never read.
src/pages/search/components/SimpleNavbar.tsx(79,9): error TS6133: 'hasTickets' is declared but its value is never read.
